Archive member included to satisfy reference by file (symbol)

c:/nxp/s32ds.3.5/s32ds/build_tools/gcc_v10.2/gcc-10.2-arm32-eabi/bin/../lib/gcc/arm-none-eabi/10.2.0/../../../../arm-none-eabi/lib/thumb/v7e-m+fp/hard\libc_nano.a(lib_a-memmove.o)
                              ./RTD/src/Siul2_Port_Ip.o (memmove)
c:/nxp/s32ds.3.5/s32ds/build_tools/gcc_v10.2/gcc-10.2-arm32-eabi/bin/../lib/gcc/arm-none-eabi/10.2.0/../../../../arm-none-eabi/lib/thumb/v7e-m+fp/hard\libc_nano.a(lib_a-memset.o)
                              ./Project_Settings/Startup_Code/startup.o (memset)

Discarded input sections

 .group         0x00000000        0xc ./Project_Settings/Startup_Code/exceptions.o
 .group         0x00000000        0xc ./Project_Settings/Startup_Code/exceptions.o
 .group         0x00000000        0xc ./Project_Settings/Startup_Code/exceptions.o
 .group         0x00000000        0xc ./Project_Settings/Startup_Code/exceptions.o
 .group         0x00000000        0xc ./Project_Settings/Startup_Code/exceptions.o
 .group         0x00000000        0xc ./Project_Settings/Startup_Code/exceptions.o
 .group         0x00000000        0xc ./Project_Settings/Startup_Code/exceptions.o
 .group         0x00000000        0xc ./Project_Settings/Startup_Code/exceptions.o
 .group         0x00000000        0xc ./Project_Settings/Startup_Code/exceptions.o
 .group         0x00000000        0xc ./Project_Settings/Startup_Code/exceptions.o
 .group         0x00000000        0xc ./Project_Settings/Startup_Code/exceptions.o
 .group         0x00000000        0xc ./Project_Settings/Startup_Code/exceptions.o
 .group         0x00000000        0xc ./Project_Settings/Startup_Code/exceptions.o
 .group         0x00000000        0xc ./Project_Settings/Startup_Code/exceptions.o
 .group         0x00000000        0xc ./Project_Settings/Startup_Code/exceptions.o
 .group         0x00000000        0xc ./Project_Settings/Startup_Code/exceptions.o
 .group         0x00000000        0xc ./Project_Settings/Startup_Code/exceptions.o
 .group         0x00000000        0xc ./Project_Settings/Startup_Code/exceptions.o
 .group         0x00000000        0xc ./Project_Settings/Startup_Code/exceptions.o
 .group         0x00000000        0xc ./Project_Settings/Startup_Code/exceptions.o
 .group         0x00000000        0xc ./Project_Settings/Startup_Code/exceptions.o
 .group         0x00000000        0xc ./Project_Settings/Startup_Code/exceptions.o
 .group         0x00000000        0xc ./Project_Settings/Startup_Code/exceptions.o
 .group         0x00000000        0xc ./Project_Settings/Startup_Code/exceptions.o
 .group         0x00000000        0xc ./Project_Settings/Startup_Code/exceptions.o
 .group         0x00000000        0xc ./Project_Settings/Startup_Code/exceptions.o
 .group         0x00000000        0xc ./Project_Settings/Startup_Code/nvic.o
 .group         0x00000000        0xc ./Project_Settings/Startup_Code/nvic.o
 .group         0x00000000        0xc ./Project_Settings/Startup_Code/nvic.o
 .group         0x00000000        0xc ./Project_Settings/Startup_Code/nvic.o
 .group         0x00000000        0xc ./Project_Settings/Startup_Code/nvic.o
 .group         0x00000000        0xc ./Project_Settings/Startup_Code/nvic.o
 .group         0x00000000        0xc ./Project_Settings/Startup_Code/nvic.o
 .group         0x00000000        0xc ./Project_Settings/Startup_Code/nvic.o
 .group         0x00000000        0xc ./Project_Settings/Startup_Code/nvic.o
 .group         0x00000000        0xc ./Project_Settings/Startup_Code/nvic.o
 .group         0x00000000        0xc ./Project_Settings/Startup_Code/nvic.o
 .group         0x00000000        0xc ./Project_Settings/Startup_Code/nvic.o
 .group         0x00000000        0xc ./Project_Settings/Startup_Code/nvic.o
 .group         0x00000000        0xc ./Project_Settings/Startup_Code/nvic.o
 .group         0x00000000        0xc ./Project_Settings/Startup_Code/nvic.o
 .group         0x00000000        0xc ./Project_Settings/Startup_Code/nvic.o
 .group         0x00000000        0xc ./Project_Settings/Startup_Code/nvic.o
 .group         0x00000000        0xc ./Project_Settings/Startup_Code/nvic.o
 .group         0x00000000        0xc ./Project_Settings/Startup_Code/nvic.o
 .group         0x00000000        0xc ./Project_Settings/Startup_Code/nvic.o
 .group         0x00000000        0xc ./Project_Settings/Startup_Code/nvic.o
 .group         0x00000000        0xc ./Project_Settings/Startup_Code/nvic.o
 .group         0x00000000        0xc ./Project_Settings/Startup_Code/nvic.o
 .group         0x00000000        0xc ./Project_Settings/Startup_Code/nvic.o
 .group         0x00000000        0xc ./Project_Settings/Startup_Code/nvic.o
 .group         0x00000000        0xc ./Project_Settings/Startup_Code/nvic.o
 .group         0x00000000        0xc ./Project_Settings/Startup_Code/nvic.o
 .group         0x00000000        0xc ./Project_Settings/Startup_Code/nvic.o
 .group         0x00000000        0xc ./Project_Settings/Startup_Code/nvic.o
[...]
Memory Configuration

Name             Origin             Length             Attributes
int_flash_c0     0x00400000         0x00100000
int_flash_c1     0x00500000         0x000d4000
int_itcm         0x00000000         0x00008000
int_dtcm         0x20000000         0x0000f000
int_stack_dtcm   0x2000f000         0x00001000
int_sram_c0      0x20400000         0x00003f00
int_sram_fls_rsv_c0 0x20403f00         0x00000100
int_sram_no_cacheable_c0 0x20404000         0x00002000
ram_end_c0       0x20406000         0x00000000
int_sram_c1      0x20406000         0x00001f00
int_sram_fls_rsv_c1 0x20407f00         0x00000100
int_sram_no_cacheable_c1 0x20408000         0x00004000
ram_end_c1       0x2040c000         0x00000000
int_sram_shareable 0x2040c000         0x00004000
ram_rsvd2        0x20410000         0x00000000
*default*        0x00000000         0xffffffff

Linker script and memory map

LOAD ./Project_Settings/Startup_Code/Vector_Table.o
LOAD ./Project_Settings/Startup_Code/exceptions.o
LOAD ./Project_Settings/Startup_Code/nvic.o
LOAD ./Project_Settings/Startup_Code/startup.o
LOAD ./Project_Settings/Startup_Code/startup_cm7.o
LOAD ./Project_Settings/Startup_Code/system.o
LOAD ./RTD/src/CanIf.o
LOAD ./RTD/src/Can_43_FLEXCAN.o
LOAD ./RTD/src/Can_43_FLEXCAN_Ipw.o
LOAD ./RTD/src/Can_43_FLEXCAN_Irq.o
LOAD ./RTD/src/Clock_Ip.o
LOAD ./RTD/src/Clock_Ip_Data.o
LOAD ./RTD/src/Clock_Ip_Divider.o
LOAD ./RTD/src/Clock_Ip_DividerTrigger.o
LOAD ./RTD/src/Clock_Ip_ExtOsc.o
LOAD ./RTD/src/Clock_Ip_FracDiv.o
LOAD ./RTD/src/Clock_Ip_Frequency.o
LOAD ./RTD/src/Clock_Ip_Gate.o
LOAD ./RTD/src/Clock_Ip_IntOsc.o
LOAD ./RTD/src/Clock_Ip_Irq.o
LOAD ./RTD/src/Clock_Ip_Monitor.o
LOAD ./RTD/src/Clock_Ip_Pll.o
LOAD ./RTD/src/Clock_Ip_ProgFreqSwitch.o
LOAD ./RTD/src/Clock_Ip_Selector.o
LOAD ./RTD/src/Clock_Ip_Specific.o
LOAD ./RTD/src/Det.o
LOAD ./RTD/src/Det_stub.o
LOAD ./RTD/src/EcuM.o
LOAD ./RTD/src/Emios_Gpt_Ip.o
LOAD ./RTD/src/FlexCAN_Ip.o
LOAD ./RTD/src/FlexCAN_Ip_HwAccess.o
LOAD ./RTD/src/FlexCAN_Ip_Irq.o
LOAD ./RTD/src/Gpt.o
LOAD ./RTD/src/Gpt_Ipw.o
LOAD ./RTD/src/Igf_Port_Ip.o
LOAD ./RTD/src/Mcu.o
LOAD ./RTD/src/Mcu_Dem_Wrapper.o
LOAD ./RTD/src/Mcu_Ipw.o
LOAD ./RTD/src/OsIf_Interrupts.o
LOAD ./RTD/src/OsIf_Timer.o
LOAD ./RTD/src/OsIf_Timer_System.o
LOAD ./RTD/src/OsIf_Timer_System_Internal_Systick.o
LOAD ./RTD/src/Pit_Ip.o
LOAD ./RTD/src/Power_Ip.o
LOAD ./RTD/src/Power_Ip_AEC.o
LOAD ./RTD/src/Power_Ip_CortexM7.o
LOAD ./RTD/src/Power_Ip_DCM_GPR.o
LOAD ./RTD/src/Power_Ip_FLASH.o
LOAD ./RTD/src/Power_Ip_MC_ME.o
LOAD ./RTD/src/Power_Ip_MC_RGM.o
LOAD ./RTD/src/Power_Ip_MC_RGM_Irq.o
LOAD ./RTD/src/Power_Ip_PMC.o
LOAD ./RTD/src/Power_Ip_PMC_Irq.o
LOAD ./RTD/src/Power_Ip_Private.o
LOAD ./RTD/src/Ram_Ip.o
LOAD ./RTD/src/Rtc_Ip.o
LOAD ./RTD/src/SchM_Can_43_FLEXCAN.o
LOAD ./RTD/src/SchM_Gpt.o
LOAD ./RTD/src/SchM_Mcu.o
LOAD ./RTD/src/SchM_Port.o
LOAD ./RTD/src/Siul2_Port_Ip.o
LOAD ./RTD/src/Stm_Ip.o
LOAD ./RTD/src/Tspc_Port_Ip.o
LOAD ./board/Siul2_Port_Ip_Cfg.o
LOAD ./board/Tspc_Port_Ip_Cfg.o
LOAD ./generate/src/CanIf_BOARD_InitPeripherals_PBcfg.o
LOAD ./generate/src/CanIf_Cfg.o
LOAD ./generate/src/Can_43_FLEXCAN_BOARD_InitPeripherals_PBcfg.o
LOAD ./generate/src/Can_43_FLEXCAN_Ipw_BOARD_InitPeripherals_PBcfg.o
LOAD ./generate/src/Clock_Ip_BOARD_InitPeripherals_PBcfg.o
LOAD ./generate/src/Clock_Ip_Cfg.o
LOAD ./generate/src/Emios_Gpt_Ip_BOARD_InitPeripherals_PBcfg.o
LOAD ./generate/src/FlexCAN_Ip_BOARD_InitPeripherals_PBcfg.o
LOAD ./generate/src/Gpt_BOARD_InitPeripherals_PBcfg.o
LOAD ./generate/src/Gpt_Cfg.o
LOAD ./generate/src/Gpt_Ipw_BOARD_InitPeripherals_PBcfg.o
LOAD ./generate/src/Igf_Port_Ip_Cfg.o
LOAD ./generate/src/Mcu_BOARD_InitPeripherals_PBcfg.o
LOAD ./generate/src/Mcu_Cfg.o
LOAD ./generate/src/OsIf_Cfg.o
LOAD ./generate/src/Pit_Ip_BOARD_InitPeripherals_PBcfg.o
LOAD ./generate/src/Power_Ip_BOARD_InitPeripherals_PBcfg.o
LOAD ./generate/src/Power_Ip_Cfg.o
LOAD ./generate/src/Ram_Ip_BOARD_InitPeripherals_PBcfg.o
LOAD ./generate/src/Ram_Ip_Cfg.o
LOAD ./generate/src/Rtc_Ip_BOARD_InitPeripherals_PBcfg.o
LOAD ./generate/src/Stm_Ip_BOARD_InitPeripherals_PBcfg.o
LOAD ./src/main.o
LOAD c:/nxp/s32ds.3.5/s32ds/build_tools/gcc_v10.2/gcc-10.2-arm32-eabi/bin/../lib/gcc/arm-none-eabi/10.2.0/../../../../arm-none-eabi/lib/thumb/v7e-m+fp/hard\libc_nano.a
LOAD c:/nxp/s32ds.3.5/s32ds/build_tools/gcc_v10.2/gcc-10.2-arm32-eabi/bin/../lib/gcc/arm-none-eabi/10.2.0/../../../../arm-none-eabi/lib/thumb/v7e-m+fp/hard\libm.a
LOAD c:/nxp/s32ds.3.5/s32ds/build_tools/gcc_v10.2/gcc-10.2-arm32-eabi/bin/../lib/gcc/arm-none-eabi/10.2.0/thumb/v7e-m+fp/hard\libgcc.a
START GROUP
LOAD c:/nxp/s32ds.3.5/s32ds/build_tools/gcc_v10.2/gcc-10.2-arm32-eabi/bin/../lib/gcc/arm-none-eabi/10.2.0/thumb/v7e-m+fp/hard\libgcc.a
LOAD c:/nxp/s32ds.3.5/s32ds/build_tools/gcc_v10.2/gcc-10.2-arm32-eabi/bin/../lib/gcc/arm-none-eabi/10.2.0/../../../../arm-none-eabi/lib/thumb/v7e-m+fp/hard\libg_nano.a
LOAD c:/nxp/s32ds.3.5/s32ds/build_tools/gcc_v10.2/gcc-10.2-arm32-eabi/bin/../lib/gcc/arm-none-eabi/10.2.0/../../../../arm-none-eabi/lib/thumb/v7e-m+fp/hard\libc_nano.a
END GROUP
START GROUP
LOAD c:/nxp/s32ds.3.5/s32ds/build_tools/gcc_v10.2/gcc-10.2-arm32-eabi/bin/../lib/gcc/arm-none-eabi/10.2.0/thumb/v7e-m+fp/hard\libgcc.a
LOAD c:/nxp/s32ds.3.5/s32ds/build_tools/gcc_v10.2/gcc-10.2-arm32-eabi/bin/../lib/gcc/arm-none-eabi/10.2.0/../../../../arm-none-eabi/lib/thumb/v7e-m+fp/hard\libc_nano.a
LOAD c:/nxp/s32ds.3.5/s32ds/build_tools/gcc_v10.2/gcc-10.2-arm32-eabi/bin/../lib/gcc/arm-none-eabi/10.2.0/../../../../arm-none-eabi/lib/thumb/v7e-m+fp/hard\libnosys.a
END GROUP
START GROUP
LOAD c:/nxp/s32ds.3.5/s32ds/build_tools/gcc_v10.2/gcc-10.2-arm32-eabi/bin/../lib/gcc/arm-none-eabi/10.2.0/thumb/v7e-m+fp/hard\libgcc.a
LOAD c:/nxp/s32ds.3.5/s32ds/build_tools/gcc_v10.2/gcc-10.2-arm32-eabi/bin/../lib/gcc/arm-none-eabi/10.2.0/../../../../arm-none-eabi/lib/thumb/v7e-m+fp/hard\libc_nano.a
LOAD c:/nxp/s32ds.3.5/s32ds/build_tools/gcc_v10.2/gcc-10.2-arm32-eabi/bin/../lib/gcc/arm-none-eabi/10.2.0/../../../../arm-none-eabi/lib/thumb/v7e-m+fp/hard\libnosys.a
END GROUP
                0x00001000                HEAP_SIZE = DEFINED (__heap_size__)?__heap_size__:0x1000

.flash          0x00500000     0xb480
                0x00500000                . = ALIGN (0x800)
                0x00500000                __text_start = .
                0x00500000                __interrupts_init_start = .
 *(.intc_vector)
 .intc_vector   0x00500000      0x408 ./Project_Settings/Startup_Code/Vector_Table.o
                0x00500000                VTABLE
                0x00500408                . = ALIGN (0x4)
                0x00500408                __interrupts_init_end = .
 *(.core_loop)
 .core_loop     0x00500408        0xc ./Project_Settings/Startup_Code/startup_cm7.o
                0x00500408                _core_loop
                0x00500414                . = ALIGN (0x4)
 *(.startup)
 *fill*         0x00500414        0xc 
 .startup       0x00500420      0x190 ./Project_Settings/Startup_Code/startup_cm7.o
                0x00500420                Reset_Handler
                0x00500420                _start
                0x00500540                MCAL_LTB_TRACE_OFF
                0x00500542                _end_of_eunit_test
                0x005005b0                . = ALIGN (0x4)
 *(.text.startup)
 .text.startup  0x005005b0       0x10 ./src/main.o
                0x005005b0                main
                0x005005c0                . = ALIGN (0x4)
 *(.text)
 .text          0x005005c0        0x0 ./Project_Settings/Startup_Code/Vector_Table.o
 .text          0x005005c0        0x0 ./Project_Settings/Startup_Code/exceptions.o
 .text          0x005005c0        0x0 ./Project_Settings/Startup_Code/nvic.o
 .text          0x005005c0        0x0 ./Project_Settings/Startup_Code/startup.o
 .text          0x005005c0        0x0 ./Project_Settings/Startup_Code/startup_cm7.o
 .text          0x005005c0       0x10 ./Project_Settings/Startup_Code/system.o
                0x005005c0                Sys_GetCoreID
 .text          0x005005d0        0x0 ./RTD/src/CanIf.o
 .text          0x005005d0        0x0 ./RTD/src/Can_43_FLEXCAN.o
 .text          0x005005d0        0x0 ./RTD/src/Can_43_FLEXCAN_Ipw.o
 .text          0x005005d0        0x0 ./RTD/src/Can_43_FLEXCAN_Irq.o
 .text          0x005005d0        0x0 ./RTD/src/Clock_Ip.o
 .text          0x005005d0        0x0 ./RTD/src/Clock_Ip_Data.o
 .text          0x005005d0        0x0 ./RTD/src/Clock_Ip_Divider.o
 .text          0x005005d0        0x0 ./RTD/src/Clock_Ip_DividerTrigger.o
 .text          0x005005d0        0x0 ./RTD/src/Clock_Ip_ExtOsc.o
 .text          0x005005d0        0x0 ./RTD/src/Clock_Ip_FracDiv.o
 .text          0x005005d0        0x0 ./RTD/src/Clock_Ip_Frequency.o
 .text          0x005005d0        0x0 ./RTD/src/Clock_Ip_Gate.o
 .text          0x005005d0        0x0 ./RTD/src/Clock_Ip_IntOsc.o
 .text          0x005005d0        0x0 ./RTD/src/Clock_Ip_Irq.o
 .text          0x005005d0        0x0 ./RTD/src/Clock_Ip_Monitor.o
 .text          0x005005d0        0x0 ./RTD/src/Clock_Ip_Pll.o
 .text          0x005005d0        0x0 ./RTD/src/Clock_Ip_ProgFreqSwitch.o
 .text          0x005005d0        0x0 ./RTD/src/Clock_Ip_Selector.o
 .text          0x005005d0        0x0 ./RTD/src/Clock_Ip_Specific.o
 .text          0x005005d0        0x0 ./RTD/src/Det.o
 .text          0x005005d0        0x0 ./RTD/src/Det_stub.o
 .text          0x005005d0        0x0 ./RTD/src/EcuM.o
 .text          0x005005d0        0x0 ./RTD/src/Emios_Gpt_Ip.o
 .text          0x005005d0        0x0 ./RTD/src/FlexCAN_Ip.o
 .text          0x005005d0        0x0 ./RTD/src/FlexCAN_Ip_HwAccess.o
 .text          0x005005d0        0x0 ./RTD/src/FlexCAN_Ip_Irq.o
 .text          0x005005d0        0x0 ./RTD/src/Gpt.o
 .text          0x005005d0        0x0 ./RTD/src/Gpt_Ipw.o
 .text          0x005005d0        0x0 ./RTD/src/Igf_Port_Ip.o
 .text          0x005005d0        0x0 ./RTD/src/Mcu.o
 .text          0x005005d0        0x0 ./RTD/src/Mcu_Dem_Wrapper.o
 .text          0x005005d0        0x0 ./RTD/src/Mcu_Ipw.o
 .text          0x005005d0        0x0 ./RTD/src/OsIf_Interrupts.o
 .text          0x005005d0        0x0 ./RTD/src/OsIf_Timer.o
 .text          0x005005d0        0x0 ./RTD/src/OsIf_Timer_System.o
 .text          0x005005d0        0x0 ./RTD/src/OsIf_Timer_System_Internal_Systick.o
 .text          0x005005d0        0x0 ./RTD/src/Pit_Ip.o
 .text          0x005005d0        0x0 ./RTD/src/Power_Ip.o
 .text          0x005005d0        0x0 ./RTD/src/Power_Ip_AEC.o
 .text          0x005005d0        0x0 ./RTD/src/Power_Ip_CortexM7.o
 .text          0x005005d0        0x0 ./RTD/src/Power_Ip_DCM_GPR.o
 .text          0x005005d0        0x0 ./RTD/src/Power_Ip_FLASH.o
 .text          0x005005d0        0x0 ./RTD/src/Power_Ip_MC_ME.o
 .text          0x005005d0        0x0 ./RTD/src/Power_Ip_MC_RGM.o
 .text          0x005005d0        0x0 ./RTD/src/Power_Ip_MC_RGM_Irq.o
 .text          0x005005d0        0x0 ./RTD/src/Power_Ip_PMC.o
 .text          0x005005d0        0x0 ./RTD/src/Power_Ip_PMC_Irq.o
 .text          0x005005d0        0x0 ./RTD/src/Power_Ip_Private.o
 .text          0x005005d0        0x0 ./RTD/src/Ram_Ip.o
 .text          0x005005d0        0x0 ./RTD/src/Rtc_Ip.o
 .text          0x005005d0        0x6 ./RTD/src/SchM_Can_43_FLEXCAN.o
                0x005005d0                Can_43_FLEXCAN_schm_read_msr
 .text          0x005005d6        0x6 ./RTD/src/SchM_Gpt.o
                0x005005d6                Gpt_schm_read_msr
 .text          0x005005dc        0x6 ./RTD/src/SchM_Mcu.o
                0x005005dc                Mcu_schm_read_msr
 .text          0x005005e2        0x6 ./RTD/src/SchM_Port.o
                0x005005e2                Port_schm_read_msr
 .text          0x005005e8       0x14 ./RTD/src/Siul2_Port_Ip.o
 .text          0x005005fc        0x0 ./RTD/src/Stm_Ip.o
 .text          0x005005fc        0x0 ./RTD/src/Tspc_Port_Ip.o
 .text          0x005005fc        0x0 ./board/Siul2_Port_Ip_Cfg.o
 .text          0x005005fc        0x0 ./board/Tspc_Port_Ip_Cfg.o
 .text          0x005005fc        0x0 ./generate/src/CanIf_BOARD_InitPeripherals_PBcfg.o
 .text          0x005005fc        0x0 ./generate/src/CanIf_Cfg.o
 .text          0x005005fc        0x0 ./generate/src/Can_43_FLEXCAN_BOARD_InitPeripherals_PBcfg.o
 .text          0x005005fc        0x0 ./generate/src/Can_43_FLEXCAN_Ipw_BOARD_InitPeripherals_PBcfg.o
 .text          0x005005fc        0x0 ./generate/src/Clock_Ip_BOARD_InitPeripherals_PBcfg.o
 .text          0x005005fc        0x0 ./generate/src/Clock_Ip_Cfg.o
 .text          0x005005fc        0x0 ./generate/src/Emios_Gpt_Ip_BOARD_InitPeripherals_PBcfg.o
 .text          0x005005fc        0x0 ./generate/src/FlexCAN_Ip_BOARD_InitPeripherals_PBcfg.o
 .text          0x005005fc        0x0 ./generate/src/Gpt_BOARD_InitPeripherals_PBcfg.o
 .text          0x005005fc        0x0 ./generate/src/Gpt_Cfg.o
 .text          0x005005fc        0x0 ./generate/src/Gpt_Ipw_BOARD_InitPeripherals_PBcfg.o
 .text          0x005005fc        0x0 ./generate/src/Igf_Port_Ip_Cfg.o
 .text          0x005005fc        0x0 ./generate/src/Mcu_BOARD_InitPeripherals_PBcfg.o
 .text          0x005005fc        0x0 ./generate/src/Mcu_Cfg.o
 .text          0x005005fc        0x0 ./generate/src/OsIf_Cfg.o
 .text          0x005005fc        0x0 ./generate/src/Pit_Ip_BOARD_InitPeripherals_PBcfg.o
 .text          0x005005fc        0x0 ./generate/src/Power_Ip_BOARD_InitPeripherals_PBcfg.o
 .text          0x005005fc        0x0 ./generate/src/Power_Ip_Cfg.o
 .text          0x005005fc        0x0 ./generate/src/Ram_Ip_BOARD_InitPeripherals_PBcfg.o
 .text          0x005005fc        0x0 ./generate/src/Ram_Ip_Cfg.o
 .text          0x005005fc        0x0 ./generate/src/Rtc_Ip_BOARD_InitPeripherals_PBcfg.o
 .text          0x005005fc        0x0 ./generate/src/Stm_Ip_BOARD_InitPeripherals_PBcfg.o
 .text          0x005005fc        0x4 ./src/main.o
                0x005005fc                CanIf_ControllerBusOff
                0x005005fe                CanIf_ControllerModeIndication
 .text          0x00500600        0x0 c:/nxp/s32ds.3.5/s32ds/build_tools/gcc_v10.2/gcc-10.2-arm32-eabi/bin/../lib/gcc/arm-none-eabi/10.2.0/../../../../arm-none-eabi/lib/thumb/v7e-m+fp/hard\libc_nano.a(lib_a-memmove.o)
 .text          0x00500600        0x0 c:/nxp/s32ds.3.5/s32ds/build_tools/gcc_v10.2/gcc-10.2-arm32-eabi/bin/../lib/gcc/arm-none-eabi/10.2.0/../../../../arm-none-eabi/lib/thumb/v7e-m+fp/hard\libc_nano.a(lib_a-memset.o)
 *(.text*)
 .text.memmove  0x00500600       0x34 c:/nxp/s32ds.3.5/s32ds/build_tools/gcc_v10.2/gcc-10.2-arm32-eabi/bin/../lib/gcc/arm-none-eabi/10.2.0/../../../../arm-none-eabi/lib/thumb/v7e-m+fp/hard\libc_nano.a(lib_a-memmove.o)
                0x00500600                memmove
 .text.memset   0x00500634       0x10 c:/nxp/s32ds.3.5/s32ds/build_tools/gcc_v10.2/gcc-10.2-arm32-eabi/bin/../lib/gcc/arm-none-eabi/10.2.0/../../../../arm-none-eabi/lib/thumb/v7e-m+fp/hard\libc_nano.a(lib_a-memset.o)
                0x00500634                memset
                0x00500644                . = ALIGN (0x4)
 *(.mcal_text)
 .mcal_text     0x00500644       0x14 ./Project_Settings/Startup_Code/exceptions.o
                0x00500644                NMI_Handler
                0x00500646                HardFault_Handler
                0x00500648                MemManage_Handler
                0x0050064a                BusFault_Handler
                0x0050064c                UsageFault_Handler
                0x0050064e                SVC_Handler
                0x00500650                DebugMon_Handler
                0x00500652                PendSV_Handler
                0x00500654                SysTick_Handler
                0x00500656                undefined_handler
 .mcal_text     0x00500658       0x52 ./Project_Settings/Startup_Code/nvic.o
                0x00500658                NVIC_SetPriorityGrouping
                0x0050066c                NVIC_EnableIRQ
                0x00500684                NVIC_DisableIRQ
                0x0050069c                NVIC_SetPriority
 *fill*         0x005006aa        0x2 
 .mcal_text     0x005006ac       0xe8 ./Project_Settings/Startup_Code/startup.o
                0x005006ac                init_data_bss
                0x00500738                init_data_bss_core2
 .mcal_text     0x00500794      0x2ec ./Project_Settings/Startup_Code/system.o
                0x00500794                startup_go_to_user_mode
                0x00500796                default_interrupt_routine
                0x00500798                SystemInit
 .mcal_text     0x00500a80      0x100 ./RTD/src/CanIf.o
                0x00500a80                CanIf_Init
                0x00500a90                CanIf_Transmit
                0x00500b00                CanIf_TxConfirmation
                0x00500b24                CanIf_RxIndication
 .mcal_text     0x00500b80      0x2a8 ./RTD/src/Can_43_FLEXCAN.o
                0x00500b80                Can_43_FLEXCAN_Init
                0x00500bc0                Can_43_FLEXCAN_DeInit
                0x00500bf0                Can_43_FLEXCAN_SetControllerMode
                0x00500c80                Can_43_FLEXCAN_DisableControllerInterrupts
                0x00500cb4                Can_43_FLEXCAN_EnableControllerInterrupts
                0x00500cec                Can_43_FLEXCAN_GetControllerErrorState
                0x00500d24                Can_43_FLEXCAN_GetControllerMode
                0x00500d34                Can_43_FLEXCAN_GetControllerRxErrorCounter
                0x00500d48                Can_43_FLEXCAN_GetControllerTxErrorCounter
                0x00500d5c                Can_43_FLEXCAN_Write
                0x00500d98                Can_43_FLEXCAN_MainFunction_Write
                0x00500d9a                Can_43_FLEXCAN_MainFunction_Read
                0x00500d9c                Can_43_FLEXCAN_MainFunction_BusOff
                0x00500d9e                Can_43_FLEXCAN_MainFunction_Mode
                0x00500dc4                Can_43_FLEXCAN_ProcessMesgBufferCommonInterrupt
                0x00500df0                Can_43_FLEXCAN_ProcessBusOffInterrupt
 .mcal_text     0x00500e28      0x668 ./RTD/src/Can_43_FLEXCAN_Ipw.o
                0x005010c0                Can_43_FLEXCAN_Ipw_Init
                0x005011a0                Can_43_FLEXCAN_Ipw_DeInit
                0x005011a6                Can_43_FLEXCAN_Ipw_SetControllerToStartMode
                0x00501254                Can_43_FLEXCAN_Ipw_SetControllerToStopMode
                0x005012cc                Can_43_FLEXCAN_Ipw_DisableControllerInterrupts
                0x005012fc                Can_43_FLEXCAN_Ipw_EnableControllerInterrupts
                0x00501328                Can_43_FLEXCAN_Ipw_GetControllerErrorState
                0x0050133c                Can_43_FLEXCAN_Ipw_GetControllerTxErrorCounter
                0x0050134c                Can_43_FLEXCAN_Ipw_GetControllerRxErrorCounter
                0x0050135c                Can_43_FLEXCAN_Ipw_Write
                0x0050140c                Can_43_FLEXCAN_Ipw_MainFunction_Mode
                0x00501440                Can_43_FLEXCAN_Ipw_ProcessHwObject
 .mcal_text     0x00501490       0x62 ./RTD/src/Can_43_FLEXCAN_Irq.o
                0x00501490                Can_43_FLEXCAN_CommonIrqCallback
                0x005014e8                Can_43_FLEXCAN_ErrorIrqCallback
 *fill*         0x005014f2        0x2 
 .mcal_text     0x005014f4      0x88c ./RTD/src/Clock_Ip.o
                0x005014f6                Clock_Ip_InitClock
                0x00501aa4                Clock_Ip_GetPllStatus
                0x00501b48                Clock_Ip_DistributePll
                0x00501c34                Clock_Ip_Init
                0x00501c58                Clock_Ip_DisableClockMonitor
                0x00501c7c                Clock_Ip_InstallNotificationsCallback
                0x00501c88                Clock_Ip_DisableModuleClock
                0x00501cb0                Clock_Ip_EnableModuleClock
                0x00501cd8                Clock_Ip_DisableFircInStandby
                0x00501cf0                Clock_Ip_EnableFircInStandby
                0x00501d08                Clock_Ip_DisableSircInStandby
                0x00501d20                Clock_Ip_EnableSircInStandby
                0x00501d38                Clock_Ip_ReportClockErrors
                0x00501d44                Clock_Ip_StartTimeout
                0x00501d64                Clock_Ip_TimeoutExpired
 .mcal_text     0x00501d80      0x120 ./RTD/src/Clock_Ip_Divider.o
 .mcal_text     0x00501ea0       0x9c ./RTD/src/Clock_Ip_DividerTrigger.o
 .mcal_text     0x00501f3c      0x1c4 ./RTD/src/Clock_Ip_ExtOsc.o
 .mcal_text     0x00502100        0x6 ./RTD/src/Clock_Ip_FracDiv.o
 .mcal_text     0x00502106        0x2 ./RTD/src/Clock_Ip_Frequency.o
                0x00502106                Clock_Ip_SetExternalSignalFrequency
 .mcal_text     0x00502108      0x128 ./RTD/src/Clock_Ip_Gate.o
 .mcal_text     0x00502230      0x104 ./RTD/src/Clock_Ip_IntOsc.o
 .mcal_text     0x00502334        0x4 ./RTD/src/Clock_Ip_Irq.o
                0x00502334                Mcu_Cmu_ClockFail_IRQHandler
 .mcal_text     0x00502338      0x204 ./RTD/src/Clock_Ip_Monitor.o
                0x005024e4                Clock_Ip_CMU_GetInterruptStatus
                0x005024f8                Clock_Ip_CMU_ClockFailInt
 .mcal_text     0x0050253c      0x17c ./RTD/src/Clock_Ip_Pll.o
 .mcal_text     0x005026b8      0x154 ./RTD/src/Clock_Ip_ProgFreqSwitch.o
 .mcal_text     0x0050280c      0x3dc ./RTD/src/Clock_Ip_Selector.o
                0x00502bbc                Clock_Ip_SetRtcRtccClksel_TrustedCall
 .mcal_text     0x00502be8      0x2c8 ./RTD/src/Clock_Ip_Specific.o
                0x00502be8                Clock_Ip_McMeEnterKey
                0x00502bfc                Clock_Ip_PowerClockIpModules
                0x00502dfc                DisableFircInStandbyMode
                0x00502e0c                EnableFircInStandbyMode
                0x00502e28                DisableSircInStandbyMode
                0x00502e38                EnableSircInStandbyMode
                0x00502e54                Clock_Ip_Command
                0x00502ea4                Clock_Ip_FLASH_SetFlashIWS
                0x00502ea8                Clock_Ip_SetFlashWaitStates
                0x00502eac                Clock_Ip_SetRamWaitStates
 .mcal_text     0x00502eb0       0xa4 ./RTD/src/Det.o
                0x00502eb0                Det_Init
                0x00502eb2                Det_ReportError
                0x00502ee8                Det_ReportRuntimeError
                0x00502f1c                Det_ReportTransientFault
                0x00502f50                Det_Start
 .mcal_text     0x00502f54      0x21c ./RTD/src/Det_stub.o
                0x00502f54                Det_TestLastReportError
                0x00502fbc                Det_TestLastReportRuntimeError
                0x00503024                Det_TestLastReportTransientFault
                0x0050308c                Det_TestNoError
                0x005030d8                Det_TestNoRuntimeError
                0x00503124                Det_TestNoTransientFault
 .mcal_text     0x00503170       0x10 ./RTD/src/EcuM.o
                0x00503170                EcuM_SetWakeupEvent
                0x0050317c                EcuM_ValidateWakeupEvent
                0x0050317e                EcuM_CheckWakeup
 .mcal_text     0x00503180     0x1bf4 ./RTD/src/FlexCAN_Ip.o
                0x00503820                FlexCAN_Ip_Init_Privileged
                0x00503a1c                FlexCAN_Ip_Send
                0x00503a78                FlexCAN_Ip_ConfigRxMb
                0x00503ad8                FlexCAN_Ip_Receive
                0x00503b2c                FlexCAN_Ip_ReceiveBlocking
                0x00503bfc                FlexCAN_Ip_RxFifo
                0x00503c38                FlexCAN_Ip_RxFifoBlocking
                0x00503d1c                FlexCAN_Ip_ConfigRxFifo_Privileged
                0x00503d64                FlexCAN_Ip_ConfigEnhancedRxFifo_Privileged
                0x00503da8                FlexCAN_Ip_ConfigRemoteResponseMb
                0x00503e18                FlexCAN_Ip_GetTransferStatus
                0x00503e3c                FlexCAN_IRQHandler
                0x00503fec                FlexCAN_Ip_ClearErrorStatus
                0x00503ffc                FlexCAN_Ip_GetErrorStatus
                0x0050400c                FlexCAN_Ip_GetControllerTxErrorCounter
                0x0050401c                FlexCAN_Ip_GetControllerRxErrorCounter
                0x00504030                FlexCAN_Busoff_Error_IRQHandler
                0x005040fc                FlexCAN_Ip_SendBlocking
                0x005041e0                FlexCAN_Ip_SetRxMbGlobalMask_Privileged
                0x0050421c                FlexCAN_Ip_EnterFreezeMode_Privileged
                0x0050422c                FlexCAN_Ip_ExitFreezeMode_Privileged
                0x0050423c                FlexCAN_Ip_SetRxIndividualMask_Privileged
                0x0050428c                FlexCAN_Ip_SetRxFifoGlobalMask_Privileged
                0x005042c8                FlexCAN_Ip_Deinit_Privileged
                0x005043ac                FlexCAN_Ip_MainFunctionRead
                0x0050442c                FlexCAN_Ip_MainFunctionBusOff_Privileged
                0x00504460                FlexCAN_Ip_MainFunctionWrite
                0x00504504                FlexCAN_Ip_GetStopMode_Privileged
                0x00504518                FlexCAN_Ip_GetStartMode_Privileged
                0x00504530                FlexCAN_Ip_SetStartMode_Privileged
                0x00504558                FlexCAN_Ip_SetStopMode_Privileged
                0x00504578                FlexCAN_Ip_SetRxMaskType_Privileged
                0x005045cc                FlexCAN_Ip_SetBitrate_Privileged
                0x0050464c                FlexCAN_Ip_GetBitrate
                0x005046e8                FlexCAN_Ip_ClearTDCFail
                0x00504720                FlexCAN_Ip_GetTDCFail
                0x00504744                FlexCAN_Ip_GetTDCValue
                0x00504768                FlexCAN_Ip_SetBitrateCbt_Privileged
                0x00504814                FlexCAN_Ip_GetBitrateFD
                0x00504890                FlexCAN_Ip_SetTDCOffset_Privileged
                0x00504920                FlexCAN_Ip_SetTxArbitrationStartDelay_Privileged
                0x00504970                FlexCAN_Ip_GetBuffStatusFlag
                0x00504998                FlexCAN_Ip_ClearBuffStatusFlag
                0x005049b4                FlexCAN_Ip_EnableInterrupts_Privileged
                0x00504a04                FlexCAN_Ip_DisableInterrupts_Privileged
                0x00504a48                FlexCAN_Ip_SetErrorInt_Privileged
                0x00504ae8                FlexCAN_Ip_AbortTransfer
                0x00504c24                FlexCAN_Ip_SetRxMb14Mask_Privileged
                0x00504c60                FlexCAN_Ip_SetRxMb15Mask_Privileged
                0x00504c9c                FlexCAN_Ip_SetListenOnlyMode_Privileged
                0x00504cf4                FlexCAN_Ip_GetListenOnlyMode
                0x00504d08                FlexCAN_Ip_ManualBusOffRecovery
 .mcal_text     0x00504d74      0xd34 ./RTD/src/FlexCAN_Ip_HwAccess.o
                0x00504da6                FlexCAN_ComputePayloadSize
                0x00504dc0                FlexCAN_GetMsgBuffRegion
                0x00504e1c                FlexCAN_GetMaxMbNum
                0x00504e48                FlexCAN_EnterFreezeMode
                0x00504ea8                FlexCAN_Enable
                0x00504ef2                FlexCAN_ExitFreezeMode
                0x00504f44                FlexCAN_Disable
                0x00504f94                FlexCAN_SetErrIntCmd
                0x00504ffc                FlexCAN_Init
                0x005050dc                FlexCAN_EnableRxFifo
                0x0050512a                FlexCAN_SetPayloadSize
                0x0050514e                FlexCAN_GetMbPayloadSize
                0x0050517a                FlexCAN_LockRxMsgBuff
                0x00505184                FlexCAN_SetMsgBuffIntCmd
                0x00505214                FLEXCAN_ClearMsgBuffIntCmd
                0x00505274                FlexCAN_DisableInterrupts
                0x00505288                FlexCAN_EnableInterrupts
                0x005052ac                FlexCAN_SetRxMsgBuff
                0x0050532c                FlexCAN_GetMsgBuffTimestamp
                0x00505338                FlexCAN_GetMsgBuff
                0x005053c4                FlexCAN_SetTxMsgBuff
                0x005054c8                FlexCAN_SetMaxMsgBuffNum
                0x00505554                FlexCAN_SetOperationMode
                0x00505592                FlexCAN_SetRxFifoFilter
                0x00505724                FlexCAN_ReadRxFifo
                0x00505780                FlexCAN_ReadEnhancedRxFifo
                0x00505800                FlexCAN_IsMbOutOfRange
                0x00505822                FlexCAN_IsEnhancedRxFifoAvailable
                0x00505830                FlexCAN_EnableEnhancedRxFifo
                0x005058be                FlexCAN_SetEnhancedRxFifoFilter
                0x00505a18                FlexCAN_ConfigCtrlOptions
                0x00505a94                FlexCAN_ResetImaskBuff
 .mcal_text     0x00505aa8       0x6c ./RTD/src/FlexCAN_Ip_Irq.o
                0x00505aa8                CAN0_ORED_IRQHandler
                0x00505aae                CAN0_ORED_0_31_MB_IRQHandler
                0x00505aba                CAN0_ORED_32_63_MB_IRQHandler
                0x00505ac6                CAN1_ORED_IRQHandler
                0x00505acc                CAN1_ORED_0_31_MB_IRQHandler
                0x00505ad8                CAN1_ORED_32_63_MB_IRQHandler
                0x00505ae4                CAN2_ORED_IRQHandler
                0x00505aea                CAN2_ORED_0_31_MB_IRQHandler
                0x00505af6                CAN2_ORED_32_63_MB_IRQHandler
                0x00505b02                CAN3_ORED_IRQHandler
                0x00505b08                CAN3_ORED_0_31_MB_IRQHandler
 .mcal_text     0x00505b14      0x170 ./RTD/src/Gpt.o
                0x00505b14                Gpt_Init
                0x00505b74                Gpt_StartTimer
                0x00505bdc                Gpt_StopTimer
                0x00505c58                Gpt_ProcessCommonInterrupt
 .mcal_text     0x00505c84       0xbc ./RTD/src/Gpt_Ipw.o
                0x00505c84                Gpt_Ipw_InitInstances
                0x00505cac                Gpt_Ipw_Init
                0x00505cba                Gpt_Ipw_StartTimer
                0x00505cd2                Gpt_Ipw_GetTimeElapsed
                0x00505d24                Gpt_Ipw_StopTimer
                0x00505d32                Gpt_Ipw_EnableInterrupt
 .mcal_text     0x00505d40       0xc4 ./RTD/src/Mcu.o
                0x00505d40                Mcu_Init
                0x00505d90                Mcu_InitRamSection
                0x00505d94                Mcu_InitClock
                0x00505db8                Mcu_SetMode
                0x00505de4                Mcu_DistributePllClock
                0x00505dee                Mcu_GetPllStatus
                0x00505df2                Mcu_GetResetReason
                0x00505df6                Mcu_GetResetRawValue
                0x00505dfa                Mcu_DisableCmu
                0x00505dfe                Mcu_SleepOnExit
                0x00505e02                Mcu_ClkSrcFailureNotification
 .mcal_text     0x00505e04       0x58 ./RTD/src/Mcu_Ipw.o
                0x00505e04                Mcu_Ipw_ClockNotificationsCallback
                0x00505e0e                Mcu_Ipw_Init
                0x00505e28                Mcu_Ipw_InitClock
                0x00505e2c                Mcu_Ipw_DistributePllClock
                0x00505e30                Mcu_Ipw_GetPllStatus
                0x00505e40                Mcu_Ipw_SetMode
                0x00505e44                Mcu_Ipw_GetResetReason
                0x00505e48                Mcu_Ipw_GetResetRawValue
                0x00505e4c                Mcu_Ipw_DisableCmu
                0x00505e50                Mcu_Ipw_SleepOnExit
 .mcal_text     0x00505e5c       0x1e ./RTD/src/OsIf_Timer.o
                0x00505e5c                OsIf_Init
                0x00505e64                OsIf_GetCounter
                0x00505e68                OsIf_GetElapsed
                0x00505e70                OsIf_SetTimerFrequency
                0x00505e72                OsIf_MicrosToTicks
 .mcal_text     0x00505e7a       0x42 ./RTD/src/OsIf_Timer_System_Internal_Systick.o
                0x00505e7a                OsIf_Timer_System_Internal_Init
                0x00505e90                OsIf_Timer_System_Internal_GetCounter
                0x00505e9c                OsIf_Timer_System_Internal_GetElapsed
 .mcal_text     0x00505ebc      0x314 ./RTD/src/Pit_Ip.o
                0x00505ed8                Pit_Ip_GetLoadValue
                0x00505eec                Pit_Ip_Init
                0x00505f18                Pit_Ip_InitChannel
                0x00505f88                Pit_Ip_Deinit
                0x00505fec                Pit_Ip_StartChannel
                0x0050602c                Pit_Ip_StopChannel
                0x00506060                Pit_Ip_GetCurrentTimer
                0x00506078                Pit_Ip_EnableChannelInterrupt
                0x005060a8                Pit_Ip_DisableChannelInterrupt
                0x005060dc                Pit_Ip_SetLifetimeTimer
                0x00506148                Pit_Ip_GetLifetimeTimer
                0x0050615c                PIT_0_ISR
 .mcal_text     0x005061d0       0xec ./RTD/src/Power_Ip.o
                0x00506204                Power_Ip_SetMode
                0x0050626c                Power_Ip_GetPreviousMode
                0x00506270                Power_Ip_GetResetReason
                0x0050628c                Power_Ip_GetResetRawValue
                0x00506290                Power_Ip_Init
                0x005062aa                Power_Ip_InstallNotificationsCallback
                0x005062b4                Power_Ip_EnableSleepOnExit
                0x005062b8                Power_Ip_DisableSleepOnExit
 .mcal_text     0x005062bc       0x48 ./RTD/src/Power_Ip_CortexM7.o
                0x005062bc                Power_Ip_CM7_DisableSleepOnExit
                0x005062ce                Power_Ip_CM7_EnableSleepOnExit
                0x005062e0                Power_Ip_CM7_DisableDeepSleep
                0x005062f2                Power_Ip_CM7_EnableDeepSleep
 .mcal_text     0x00506304       0x4c ./RTD/src/Power_Ip_DCM_GPR.o
                0x00506304                Power_Ip_DCM_GPR_Config
                0x00506334                Power_Ip_DCM_GPR_GlobalPadkeepingConfig
 .mcal_text     0x00506350       0x10 ./RTD/src/Power_Ip_FLASH.o
                0x00506350                Power_Ip_FLASH_HighVoltageOperationOngoing
 .mcal_text     0x00506360      0x2dc ./RTD/src/Power_Ip_MC_ME.o
                0x005063e6                Power_Ip_MC_ME_ConfigCoreCOFBClock
                0x00506570                Power_Ip_MC_ME_EnablePartitionClock
                0x0050659a                Power_Ip_MC_ME_DisablePartitionClock
                0x005065c4                Power_Ip_MC_ME_SocTriggerResetEvent
                0x005065e0                Power_Ip_MC_ME_CoreStandbyEntry
                0x005065f6                Power_Ip_MC_ME_SocStandbyEntry
                0x00506628                Power_Ip_MC_ME_GetPreviousMode
 .mcal_text     0x0050663c      0x244 ./RTD/src/Power_Ip_MC_RGM.o
                0x005066cc                Power_Ip_MC_RGM_ResetInit
                0x005066fc                Power_Ip_MC_RGM_GetResetReason
                0x005067ac                Power_Ip_MC_RGM_GetResetRawValue
                0x0050685c                Power_Ip_MC_RGM_ResetDuringStandby
 .mcal_text     0x00506880       0xd8 ./RTD/src/Power_Ip_PMC.o
                0x00506880                Power_Ip_PMC_PowerInit
                0x00506928                Power_Ip_PMC_PrepareLowPowerEntry
 .mcal_text     0x00506958       0x4c ./RTD/src/Power_Ip_Private.o
                0x00506958                Power_Ip_ReportPowerErrors
                0x00506964                Power_Ip_ReportPowerErrorsEmptyCallback
                0x00506966                Power_Ip_StartTimeout
                0x00506986                Power_Ip_TimeoutExpired
 .mcal_text     0x005069a4       0xe4 ./RTD/src/Ram_Ip.o
                0x005069a4                Ram_Ip_InitRamSection
 .mcal_text     0x00506a88      0x834 ./RTD/src/SchM_Can_43_FLEXCAN.o
                0x00506a88                SchM_Enter_Can_43_FLEXCAN_CAN_EXCLUSIVE_AREA_00
                0x00506abc                SchM_Exit_Can_43_FLEXCAN_CAN_EXCLUSIVE_AREA_00
                0x00506aec                SchM_Enter_Can_43_FLEXCAN_CAN_EXCLUSIVE_AREA_01
                0x00506b20                SchM_Exit_Can_43_FLEXCAN_CAN_EXCLUSIVE_AREA_01
                0x00506b50                SchM_Enter_Can_43_FLEXCAN_CAN_EXCLUSIVE_AREA_02
                0x00506b84                SchM_Exit_Can_43_FLEXCAN_CAN_EXCLUSIVE_AREA_02
                0x00506bb4                SchM_Enter_Can_43_FLEXCAN_CAN_EXCLUSIVE_AREA_03
                0x00506be8                SchM_Exit_Can_43_FLEXCAN_CAN_EXCLUSIVE_AREA_03
                0x00506c18                SchM_Enter_Can_43_FLEXCAN_CAN_EXCLUSIVE_AREA_04
                0x00506c4c                SchM_Exit_Can_43_FLEXCAN_CAN_EXCLUSIVE_AREA_04
                0x00506c7c                SchM_Enter_Can_43_FLEXCAN_CAN_EXCLUSIVE_AREA_05
                0x00506cb0                SchM_Exit_Can_43_FLEXCAN_CAN_EXCLUSIVE_AREA_05
                0x00506ce0                SchM_Enter_Can_43_FLEXCAN_CAN_EXCLUSIVE_AREA_06
                0x00506d14                SchM_Exit_Can_43_FLEXCAN_CAN_EXCLUSIVE_AREA_06
                0x00506d44                SchM_Enter_Can_43_FLEXCAN_CAN_EXCLUSIVE_AREA_07
                0x00506d78                SchM_Exit_Can_43_FLEXCAN_CAN_EXCLUSIVE_AREA_07
                0x00506da8                SchM_Enter_Can_43_FLEXCAN_CAN_EXCLUSIVE_AREA_08
                0x00506ddc                SchM_Exit_Can_43_FLEXCAN_CAN_EXCLUSIVE_AREA_08
                0x00506e0c                SchM_Enter_Can_43_FLEXCAN_CAN_EXCLUSIVE_AREA_09
                0x00506e40                SchM_Exit_Can_43_FLEXCAN_CAN_EXCLUSIVE_AREA_09
                0x00506e70                SchM_Enter_Can_43_FLEXCAN_CAN_EXCLUSIVE_AREA_10
                0x00506ea4                SchM_Exit_Can_43_FLEXCAN_CAN_EXCLUSIVE_AREA_10
                0x00506ed4                SchM_Enter_Can_43_FLEXCAN_CAN_EXCLUSIVE_AREA_11
                0x00506f08                SchM_Exit_Can_43_FLEXCAN_CAN_EXCLUSIVE_AREA_11
                0x00506f38                SchM_Enter_Can_43_FLEXCAN_CAN_EXCLUSIVE_AREA_12
                0x00506f6c                SchM_Exit_Can_43_FLEXCAN_CAN_EXCLUSIVE_AREA_12
                0x00506f9c                SchM_Enter_Can_43_FLEXCAN_CAN_EXCLUSIVE_AREA_13
                0x00506fd0                SchM_Exit_Can_43_FLEXCAN_CAN_EXCLUSIVE_AREA_13
                0x00507000                SchM_Enter_Can_43_FLEXCAN_CAN_EXCLUSIVE_AREA_14
                0x00507034                SchM_Exit_Can_43_FLEXCAN_CAN_EXCLUSIVE_AREA_14
                0x00507064                SchM_Enter_Can_43_FLEXCAN_CAN_EXCLUSIVE_AREA_15
                0x00507098                SchM_Exit_Can_43_FLEXCAN_CAN_EXCLUSIVE_AREA_15
                0x005070c8                SchM_Enter_Can_43_FLEXCAN_CAN_EXCLUSIVE_AREA_16
                0x005070fc                SchM_Exit_Can_43_FLEXCAN_CAN_EXCLUSIVE_AREA_16
                0x0050712c                SchM_Enter_Can_43_FLEXCAN_CAN_EXCLUSIVE_AREA_17
                0x00507160                SchM_Exit_Can_43_FLEXCAN_CAN_EXCLUSIVE_AREA_17
                0x00507190                SchM_Enter_Can_43_FLEXCAN_CAN_EXCLUSIVE_AREA_18
                0x005071c4                SchM_Exit_Can_43_FLEXCAN_CAN_EXCLUSIVE_AREA_18
                0x005071f4                SchM_Enter_Can_43_FLEXCAN_CAN_EXCLUSIVE_AREA_19
                0x00507228                SchM_Exit_Can_43_FLEXCAN_CAN_EXCLUSIVE_AREA_19
                0x00507258                SchM_Enter_Can_43_FLEXCAN_CAN_EXCLUSIVE_AREA_20
                0x0050728c                SchM_Exit_Can_43_FLEXCAN_CAN_EXCLUSIVE_AREA_20
 .mcal_text     0x005072bc     0x157c ./RTD/src/SchM_Gpt.o
                0x005072bc                SchM_Enter_Gpt_GPT_EXCLUSIVE_AREA_00
                0x005072f0                SchM_Exit_Gpt_GPT_EXCLUSIVE_AREA_00
                0x00507320                SchM_Enter_Gpt_GPT_EXCLUSIVE_AREA_01
                0x00507354                SchM_Exit_Gpt_GPT_EXCLUSIVE_AREA_01
                0x00507384                SchM_Enter_Gpt_GPT_EXCLUSIVE_AREA_02
                0x005073b8                SchM_Exit_Gpt_GPT_EXCLUSIVE_AREA_02
                0x005073e8                SchM_Enter_Gpt_GPT_EXCLUSIVE_AREA_03
                0x0050741c                SchM_Exit_Gpt_GPT_EXCLUSIVE_AREA_03
                0x0050744c                SchM_Enter_Gpt_GPT_EXCLUSIVE_AREA_04
                0x00507480                SchM_Exit_Gpt_GPT_EXCLUSIVE_AREA_04
                0x005074b0                SchM_Enter_Gpt_GPT_EXCLUSIVE_AREA_05
                0x005074e4                SchM_Exit_Gpt_GPT_EXCLUSIVE_AREA_05
                0x00507514                SchM_Enter_Gpt_GPT_EXCLUSIVE_AREA_06
                0x00507548                SchM_Exit_Gpt_GPT_EXCLUSIVE_AREA_06
                0x00507578                SchM_Enter_Gpt_GPT_EXCLUSIVE_AREA_07
                0x005075ac                SchM_Exit_Gpt_GPT_EXCLUSIVE_AREA_07
                0x005075dc                SchM_Enter_Gpt_GPT_EXCLUSIVE_AREA_10
                0x00507610                SchM_Exit_Gpt_GPT_EXCLUSIVE_AREA_10
                0x00507640                SchM_Enter_Gpt_GPT_EXCLUSIVE_AREA_11
                0x00507674                SchM_Exit_Gpt_GPT_EXCLUSIVE_AREA_11
                0x005076a4                SchM_Enter_Gpt_GPT_EXCLUSIVE_AREA_12
                0x005076d8                SchM_Exit_Gpt_GPT_EXCLUSIVE_AREA_12
                0x00507708                SchM_Enter_Gpt_GPT_EXCLUSIVE_AREA_17
                0x0050773c                SchM_Exit_Gpt_GPT_EXCLUSIVE_AREA_17
                0x0050776c                SchM_Enter_Gpt_GPT_EXCLUSIVE_AREA_21
                0x005077a0                SchM_Exit_Gpt_GPT_EXCLUSIVE_AREA_21
                0x005077d0                SchM_Enter_Gpt_GPT_EXCLUSIVE_AREA_22
                0x00507804                SchM_Exit_Gpt_GPT_EXCLUSIVE_AREA_22
                0x00507834                SchM_Enter_Gpt_GPT_EXCLUSIVE_AREA_23
                0x00507868                SchM_Exit_Gpt_GPT_EXCLUSIVE_AREA_23
                0x00507898                SchM_Enter_Gpt_GPT_EXCLUSIVE_AREA_24
                0x005078cc                SchM_Exit_Gpt_GPT_EXCLUSIVE_AREA_24
                0x005078fc                SchM_Enter_Gpt_GPT_EXCLUSIVE_AREA_25
                0x00507930                SchM_Exit_Gpt_GPT_EXCLUSIVE_AREA_25
                0x00507960                SchM_Enter_Gpt_GPT_EXCLUSIVE_AREA_26
                0x00507994                SchM_Exit_Gpt_GPT_EXCLUSIVE_AREA_26
                0x005079c4                SchM_Enter_Gpt_GPT_EXCLUSIVE_AREA_27
                0x005079f8                SchM_Exit_Gpt_GPT_EXCLUSIVE_AREA_27
                0x00507a28                SchM_Enter_Gpt_GPT_EXCLUSIVE_AREA_28
                0x00507a5c                SchM_Exit_Gpt_GPT_EXCLUSIVE_AREA_28
                0x00507a8c                SchM_Enter_Gpt_GPT_EXCLUSIVE_AREA_29
                0x00507ac0                SchM_Exit_Gpt_GPT_EXCLUSIVE_AREA_29
                0x00507af0                SchM_Enter_Gpt_GPT_EXCLUSIVE_AREA_30
                0x00507b24                SchM_Exit_Gpt_GPT_EXCLUSIVE_AREA_30
                0x00507b54                SchM_Enter_Gpt_GPT_EXCLUSIVE_AREA_31
                0x00507b88                SchM_Exit_Gpt_GPT_EXCLUSIVE_AREA_31
                0x00507bb8                SchM_Enter_Gpt_GPT_EXCLUSIVE_AREA_35
                0x00507bec                SchM_Exit_Gpt_GPT_EXCLUSIVE_AREA_35
                0x00507c1c                SchM_Enter_Gpt_GPT_EXCLUSIVE_AREA_36
                0x00507c50                SchM_Exit_Gpt_GPT_EXCLUSIVE_AREA_36
                0x00507c80                SchM_Enter_Gpt_GPT_EXCLUSIVE_AREA_38
                0x00507cb4                SchM_Exit_Gpt_GPT_EXCLUSIVE_AREA_38
                0x00507ce4                SchM_Enter_Gpt_GPT_EXCLUSIVE_AREA_39
                0x00507d18                SchM_Exit_Gpt_GPT_EXCLUSIVE_AREA_39
                0x00507d48                SchM_Enter_Gpt_GPT_EXCLUSIVE_AREA_40
                0x00507d7c                SchM_Exit_Gpt_GPT_EXCLUSIVE_AREA_40
                0x00507dac                SchM_Enter_Gpt_GPT_EXCLUSIVE_AREA_41
                0x00507de0                SchM_Exit_Gpt_GPT_EXCLUSIVE_AREA_41
                0x00507e10                SchM_Enter_Gpt_GPT_EXCLUSIVE_AREA_42
                0x00507e44                SchM_Exit_Gpt_GPT_EXCLUSIVE_AREA_42
                0x00507e74                SchM_Enter_Gpt_GPT_EXCLUSIVE_AREA_43
                0x00507ea8                SchM_Exit_Gpt_GPT_EXCLUSIVE_AREA_43
                0x00507ed8                SchM_Enter_Gpt_GPT_EXCLUSIVE_AREA_44
                0x00507f0c                SchM_Exit_Gpt_GPT_EXCLUSIVE_AREA_44
                0x00507f3c                SchM_Enter_Gpt_GPT_EXCLUSIVE_AREA_45
                0x00507f70                SchM_Exit_Gpt_GPT_EXCLUSIVE_AREA_45
                0x00507fa0                SchM_Enter_Gpt_GPT_EXCLUSIVE_AREA_46
                0x00507fd4                SchM_Exit_Gpt_GPT_EXCLUSIVE_AREA_46
                0x00508004                SchM_Enter_Gpt_GPT_EXCLUSIVE_AREA_50
                0x00508038                SchM_Exit_Gpt_GPT_EXCLUSIVE_AREA_50
                0x00508068                SchM_Enter_Gpt_GPT_EXCLUSIVE_AREA_51
                0x0050809c                SchM_Exit_Gpt_GPT_EXCLUSIVE_AREA_51
                0x005080cc                SchM_Enter_Gpt_GPT_EXCLUSIVE_AREA_52
                0x00508100                SchM_Exit_Gpt_GPT_EXCLUSIVE_AREA_52
                0x00508130                SchM_Enter_Gpt_GPT_EXCLUSIVE_AREA_53
                0x00508164                SchM_Exit_Gpt_GPT_EXCLUSIVE_AREA_53
                0x00508194                SchM_Enter_Gpt_GPT_EXCLUSIVE_AREA_54
                0x005081c8                SchM_Exit_Gpt_GPT_EXCLUSIVE_AREA_54
                0x005081f8                SchM_Enter_Gpt_GPT_EXCLUSIVE_AREA_55
                0x0050822c                SchM_Exit_Gpt_GPT_EXCLUSIVE_AREA_55
                0x0050825c                SchM_Enter_Gpt_GPT_EXCLUSIVE_AREA_56
                0x00508290                SchM_Exit_Gpt_GPT_EXCLUSIVE_AREA_56
                0x005082c0                SchM_Enter_Gpt_GPT_EXCLUSIVE_AREA_60
                0x005082f4                SchM_Exit_Gpt_GPT_EXCLUSIVE_AREA_60
                0x00508324                SchM_Enter_Gpt_GPT_EXCLUSIVE_AREA_61
                0x00508358                SchM_Exit_Gpt_GPT_EXCLUSIVE_AREA_61
                0x00508388                SchM_Enter_Gpt_GPT_EXCLUSIVE_AREA_62
                0x005083bc                SchM_Exit_Gpt_GPT_EXCLUSIVE_AREA_62
                0x005083ec                SchM_Enter_Gpt_GPT_EXCLUSIVE_AREA_63
                0x00508420                SchM_Exit_Gpt_GPT_EXCLUSIVE_AREA_63
                0x00508450                SchM_Enter_Gpt_GPT_EXCLUSIVE_AREA_64
                0x00508484                SchM_Exit_Gpt_GPT_EXCLUSIVE_AREA_64
                0x005084b4                SchM_Enter_Gpt_GPT_EXCLUSIVE_AREA_65
                0x005084e8                SchM_Exit_Gpt_GPT_EXCLUSIVE_AREA_65
                0x00508518                SchM_Enter_Gpt_GPT_EXCLUSIVE_AREA_66
                0x0050854c                SchM_Exit_Gpt_GPT_EXCLUSIVE_AREA_66
                0x0050857c                SchM_Enter_Gpt_GPT_EXCLUSIVE_AREA_67
                0x005085b0                SchM_Exit_Gpt_GPT_EXCLUSIVE_AREA_67
                0x005085e0                SchM_Enter_Gpt_GPT_EXCLUSIVE_AREA_68
                0x00508614                SchM_Exit_Gpt_GPT_EXCLUSIVE_AREA_68
                0x00508644                SchM_Enter_Gpt_GPT_EXCLUSIVE_AREA_69
                0x00508678                SchM_Exit_Gpt_GPT_EXCLUSIVE_AREA_69
                0x005086a8                SchM_Enter_Gpt_GPT_EXCLUSIVE_AREA_70
                0x005086dc                SchM_Exit_Gpt_GPT_EXCLUSIVE_AREA_70
                0x0050870c                SchM_Enter_Gpt_GPT_EXCLUSIVE_AREA_71
                0x00508740                SchM_Exit_Gpt_GPT_EXCLUSIVE_AREA_71
                0x00508770                SchM_Enter_Gpt_GPT_EXCLUSIVE_AREA_72
                0x005087a4                SchM_Exit_Gpt_GPT_EXCLUSIVE_AREA_72
                0x005087d4                SchM_Enter_Gpt_GPT_EXCLUSIVE_AREA_73
                0x00508808                SchM_Exit_Gpt_GPT_EXCLUSIVE_AREA_73
 .mcal_text     0x00508838      0x12c ./RTD/src/SchM_Mcu.o
                0x00508838                SchM_Enter_Mcu_MCU_EXCLUSIVE_AREA_00
                0x0050886c                SchM_Exit_Mcu_MCU_EXCLUSIVE_AREA_00
                0x0050889c                SchM_Enter_Mcu_MCU_EXCLUSIVE_AREA_01
                0x005088d0                SchM_Exit_Mcu_MCU_EXCLUSIVE_AREA_01
                0x00508900                SchM_Enter_Mcu_MCU_EXCLUSIVE_AREA_02
                0x00508934                SchM_Exit_Mcu_MCU_EXCLUSIVE_AREA_02
 .mcal_text     0x00508964      0xaf0 ./RTD/src/SchM_Port.o
                0x00508964                SchM_Enter_Port_PORT_EXCLUSIVE_AREA_00
                0x00508998                SchM_Exit_Port_PORT_EXCLUSIVE_AREA_00
                0x005089c8                SchM_Enter_Port_PORT_EXCLUSIVE_AREA_01
                0x005089fc                SchM_Exit_Port_PORT_EXCLUSIVE_AREA_01
                0x00508a2c                SchM_Enter_Port_PORT_EXCLUSIVE_AREA_02
                0x00508a60                SchM_Exit_Port_PORT_EXCLUSIVE_AREA_02
                0x00508a90                SchM_Enter_Port_PORT_EXCLUSIVE_AREA_03
                0x00508ac4                SchM_Exit_Port_PORT_EXCLUSIVE_AREA_03
                0x00508af4                SchM_Enter_Port_PORT_EXCLUSIVE_AREA_04
                0x00508b28                SchM_Exit_Port_PORT_EXCLUSIVE_AREA_04
                0x00508b58                SchM_Enter_Port_PORT_EXCLUSIVE_AREA_05
                0x00508b8c                SchM_Exit_Port_PORT_EXCLUSIVE_AREA_05
                0x00508bbc                SchM_Enter_Port_PORT_EXCLUSIVE_AREA_06
                0x00508bf0                SchM_Exit_Port_PORT_EXCLUSIVE_AREA_06
                0x00508c20                SchM_Enter_Port_PORT_EXCLUSIVE_AREA_07
                0x00508c54                SchM_Exit_Port_PORT_EXCLUSIVE_AREA_07
                0x00508c84                SchM_Enter_Port_PORT_EXCLUSIVE_AREA_08
                0x00508cb8                SchM_Exit_Port_PORT_EXCLUSIVE_AREA_08
                0x00508ce8                SchM_Enter_Port_PORT_EXCLUSIVE_AREA_09
                0x00508d1c                SchM_Exit_Port_PORT_EXCLUSIVE_AREA_09
                0x00508d4c                SchM_Enter_Port_PORT_EXCLUSIVE_AREA_10
                0x00508d80                SchM_Exit_Port_PORT_EXCLUSIVE_AREA_10
                0x00508db0                SchM_Enter_Port_PORT_EXCLUSIVE_AREA_11
                0x00508de4                SchM_Exit_Port_PORT_EXCLUSIVE_AREA_11
                0x00508e14                SchM_Enter_Port_PORT_EXCLUSIVE_AREA_12
                0x00508e48                SchM_Exit_Port_PORT_EXCLUSIVE_AREA_12
                0x00508e78                SchM_Enter_Port_PORT_EXCLUSIVE_AREA_13
                0x00508eac                SchM_Exit_Port_PORT_EXCLUSIVE_AREA_13
                0x00508edc                SchM_Enter_Port_PORT_EXCLUSIVE_AREA_14
                0x00508f10                SchM_Exit_Port_PORT_EXCLUSIVE_AREA_14
                0x00508f40                SchM_Enter_Port_PORT_EXCLUSIVE_AREA_15
                0x00508f74                SchM_Exit_Port_PORT_EXCLUSIVE_AREA_15
                0x00508fa4                SchM_Enter_Port_PORT_EXCLUSIVE_AREA_16
                0x00508fd8                SchM_Exit_Port_PORT_EXCLUSIVE_AREA_16
                0x00509008                SchM_Enter_Port_PORT_EXCLUSIVE_AREA_17
                0x0050903c                SchM_Exit_Port_PORT_EXCLUSIVE_AREA_17
                0x0050906c                SchM_Enter_Port_PORT_EXCLUSIVE_AREA_18
                0x005090a0                SchM_Exit_Port_PORT_EXCLUSIVE_AREA_18
                0x005090d0                SchM_Enter_Port_PORT_EXCLUSIVE_AREA_19
                0x00509104                SchM_Exit_Port_PORT_EXCLUSIVE_AREA_19
                0x00509134                SchM_Enter_Port_PORT_EXCLUSIVE_AREA_20
                0x00509168                SchM_Exit_Port_PORT_EXCLUSIVE_AREA_20
                0x00509198                SchM_Enter_Port_PORT_EXCLUSIVE_AREA_21
                0x005091cc                SchM_Exit_Port_PORT_EXCLUSIVE_AREA_21
                0x005091fc                SchM_Enter_Port_PORT_EXCLUSIVE_AREA_22
                0x00509230                SchM_Exit_Port_PORT_EXCLUSIVE_AREA_22
                0x00509260                SchM_Enter_Port_PORT_EXCLUSIVE_AREA_23
                0x00509294                SchM_Exit_Port_PORT_EXCLUSIVE_AREA_23
                0x005092c4                SchM_Enter_Port_PORT_EXCLUSIVE_AREA_24
                0x005092f8                SchM_Exit_Port_PORT_EXCLUSIVE_AREA_24
                0x00509328                SchM_Enter_Port_PORT_EXCLUSIVE_AREA_25
                0x0050935c                SchM_Exit_Port_PORT_EXCLUSIVE_AREA_25
                0x0050938c                SchM_Enter_Port_PORT_EXCLUSIVE_AREA_26
                0x005093c0                SchM_Exit_Port_PORT_EXCLUSIVE_AREA_26
                0x005093f0                SchM_Enter_Port_PORT_EXCLUSIVE_AREA_27
                0x00509424                SchM_Exit_Port_PORT_EXCLUSIVE_AREA_27
 .mcal_text     0x00509454      0x458 ./RTD/src/Siul2_Port_Ip.o
                0x005095a8                Siul2_Port_Ip_Init
                0x005095d8                Siul2_Port_Ip_SetPullSel
                0x00509634                Siul2_Port_Ip_SetOutputBuffer
                0x0050969a                Siul2_Port_Ip_SetInputBuffer
                0x0050970a                Siul2_Port_Ip_SetPinDirection
                0x00509782                Siul2_Port_Ip_RevertPinConfiguration
                0x005097e4                Siul2_Port_Ip_GetPinConfiguration
 .mcal_text     0x005098ac       0xd0 ./RTD/src/Tspc_Port_Ip.o
                0x005098ac                Tspc_Port_Ip_EnableObeGroup
                0x005098dc                Tspc_Port_Ip_ConfigureObeGroup
                0x0050997c                . = ALIGN (0x4)
 *(.acmcu_code_rom)
                0x0050997c                . = ALIGN (0x4)
                0x0050997c                __acfls_code_rom_start = .
 *(.acfls_code_rom)
 .acfls_code_rom
                0x0050997c       0x40 ./RTD/src/Clock_Ip_Specific.o
                0x0050997c                Clock_Ip_PRAMCSetRamIWS
 *fill*         0x005099bc        0x4 
 .acfls_code_rom.__stub
                0x005099c0        0x8 linker stubs
                0x005099c8                . = ALIGN (0x4)
                0x005099c8                __acfls_code_rom_end = .
 *(.init)
                0x005099c8                . = ALIGN (0x4)
 *(.fini)
                0x005099c8                . = ALIGN (0x4)
 *(.rodata)
 .rodata        0x005099c8        0x3 ./RTD/src/Clock_Ip_IntOsc.o
 .rodata        0x005099cb       0x48 ./RTD/src/FlexCAN_Ip_HwAccess.o
 .rodata        0x00509a13        0x6 ./RTD/src/Pit_Ip.o
 *fill*         0x00509a19        0x3 
 .rodata        0x00509a1c        0x4 ./RTD/src/Siul2_Port_Ip.o
                0x00509a1c                Port_au32Siul2BaseAddr
 *(.rodata*)
                0x00509a20                . = ALIGN (0x4)
 *(.mcal_const_cfg)
 .mcal_const_cfg
                0x00509a20       0xbc ./board/Siul2_Port_Ip_Cfg.o
                0x00509a20                g_pin_mux_InitConfigArr0
 .mcal_const_cfg
                0x00509adc       0x1c ./generate/src/CanIf_BOARD_InitPeripherals_PBcfg.o
                0x00509adc                CanIf_Config
 .mcal_const_cfg
                0x00509af8       0x1c ./generate/src/CanIf_Cfg.o
                0x00509af8                CanIf_PCConfig
 .mcal_const_cfg
                0x00509b14       0xa4 ./generate/src/Can_43_FLEXCAN_BOARD_InitPeripherals_PBcfg.o
                0x00509b14                Can_43_FLEXCAN_Config_BOARD_InitPeripherals
 .mcal_const_cfg
                0x00509bb8        0x4 ./generate/src/Can_43_FLEXCAN_Ipw_BOARD_InitPeripherals_PBcfg.o
                0x00509bb8                Can_43_FLEXCANIpwHwChannelConfig_BOARD_InitPeripherals0
 .mcal_const_cfg
                0x00509bbc      0x548 ./generate/src/Clock_Ip_BOARD_InitPeripherals_PBcfg.o
                0x00509bbc                Mcu_aClockConfigPB_BOARD_InitPeripherals
 .mcal_const_cfg
                0x0050a104       0x64 ./generate/src/FlexCAN_Ip_BOARD_InitPeripherals_PBcfg.o
                0x0050a104                Flexcan_aCtrlConfigPB_BOARD_InitPeripherals
 .mcal_const_cfg
                0x0050a168       0x28 ./generate/src/Gpt_BOARD_InitPeripherals_PBcfg.o
                0x0050a168                Gpt_Config_BOARD_InitPeripherals
 .mcal_const_cfg
                0x0050a190       0x1c ./generate/src/Mcu_BOARD_InitPeripherals_PBcfg.o
                0x0050a190                Mcu_Config_BOARD_InitPeripherals
 .mcal_const_cfg
                0x0050a1ac       0x12 ./generate/src/Pit_Ip_BOARD_InitPeripherals_PBcfg.o
                0x0050a1ac                PIT_0_ChannelConfig_PB_BOARD_InitPeripherals
                0x0050a1bc                PIT_0_InitConfig_PB_BOARD_InitPeripherals
 *fill*         0x0050a1be        0x2 
 .mcal_const_cfg
                0x0050a1c0      0x104 ./generate/src/Power_Ip_BOARD_InitPeripherals_PBcfg.o
                0x0050a1c0                Power_Ip_HwIPsConfigPB_BOARD_InitPeripherals
                0x0050a1d8                Power_Ip_aModeConfigPB_BOARD_InitPeripherals
                0x0050a2c4                . = ALIGN (0x4)
 *(.mcal_const)
 .mcal_const    0x0050a2c4     0x1012 ./RTD/src/Clock_Ip_Data.o
                0x0050a2c4                Clock_Ip_axGateInfo
                0x0050a99c                Clock_Ip_axFeatureExtensions
                0x0050abbc                Clock_Ip_aeHwDfsName
                0x0050abc0                Clock_Ip_aeHwPllName
                0x0050abc4                Clock_Ip_aeSourceTypeClockName
                0x0050ac1c                Clock_Ip_apxMcMeTriggerPartitions
                0x0050ac2c                Clock_Ip_apxMcMeGetPartitions
                0x0050ac3c                Clock_Ip_apxMcMeSetPartitions
                0x0050ac4c                Clock_Ip_axCmuInfo
                0x0050acbc                Clock_Ip_aeCmuNames
                0x0050acd8                Clock_Ip_apxCmu
                0x0050acf4                Clock_Ip_apxPll
                0x0050ad04                Clock_Ip_apxXosc
                0x0050ad0c                Clock_Ip_apxCgmPcfs
                0x0050ad10                Clock_Ip_apxCgm
                0x0050ad60                Clock_Ip_au16SelectorEntryRtcHardwareValue
                0x0050ad8c                Clock_Ip_au16SelectorEntryHardwareValue
                0x0050adb8                Clock_Ip_au8SoftwareMuxResetValue
                0x0050ae32                Clock_Ip_au8ClockFeatures
                0x0050b27c                Clock_Ip_au8CmuCallbackIndex
                0x0050b285                Clock_Ip_au8PcfsCallbackIndex
                0x0050b28e                Clock_Ip_au8SelectorCallbackIndex
                0x0050b297                Clock_Ip_au8PllCallbackIndex
                0x0050b2a0                Clock_Ip_au8FractionalDividerCallbackIndex
                0x0050b2a9                Clock_Ip_au8GateCallbackIndex
                0x0050b2b2                Clock_Ip_au8IrcoscCallbackIndex
                0x0050b2bb                Clock_Ip_au8XoscCallbackIndex
                0x0050b2c4                Clock_Ip_au8DividerTriggerCallbackIndex
                0x0050b2cd                Clock_Ip_au8DividerCallbackIndex
 *fill*         0x0050b2d6        0x2 
 .mcal_const    0x0050b2d8       0x10 ./RTD/src/Clock_Ip_Divider.o
                0x0050b2d8                Clock_Ip_axDividerCallbacks
 .mcal_const    0x0050b2e8       0x10 ./RTD/src/Clock_Ip_DividerTrigger.o
                0x0050b2e8                Clock_Ip_axDividerTriggerCallbacks
 .mcal_const    0x0050b2f8       0x3c ./RTD/src/Clock_Ip_ExtOsc.o
                0x0050b2f8                Clock_Ip_axExtOscCallbacks
 .mcal_const    0x0050b334        0xc ./RTD/src/Clock_Ip_FracDiv.o
                0x0050b334                Clock_Ip_axFracDivCallbacks
 .mcal_const    0x0050b340       0x10 ./RTD/src/Clock_Ip_Gate.o
                0x0050b340                Clock_Ip_axGateCallbacks
 .mcal_const    0x0050b350       0x30 ./RTD/src/Clock_Ip_IntOsc.o
                0x0050b350                Clock_Ip_axIntOscCallbacks
 .mcal_const    0x0050b380       0x20 ./RTD/src/Clock_Ip_Monitor.o
                0x0050b380                Clock_Ip_axCmuCallbacks
 .mcal_const    0x0050b3a0       0x28 ./RTD/src/Clock_Ip_Pll.o
                0x0050b3a0                Clock_Ip_axPllCallbacks
 .mcal_const    0x0050b3c8        0x8 ./RTD/src/Clock_Ip_ProgFreqSwitch.o
                0x0050b3c8                Clock_Ip_axPcfsCallbacks
 .mcal_const    0x0050b3d0       0x28 ./RTD/src/Clock_Ip_Selector.o
                0x0050b3d0                Clock_Ip_axSelectorCallbacks
 .mcal_const    0x0050b3f8       0x10 ./RTD/src/FlexCAN_Ip.o
 .mcal_const    0x0050b408        0xc ./RTD/src/Pit_Ip.o
                0x0050b408                pitBase
 .mcal_const    0x0050b414        0x1 ./generate/src/Gpt_BOARD_InitPeripherals_PBcfg.o
                0x0050b418                . = ALIGN (0x4)
 *fill*         0x0050b415        0x3 
                0x0050b418                __init_table = .
 *(.init_table)
 .init_table    0x0050b418       0x4c ./Project_Settings/Startup_Code/startup_cm7.o
                0x0050b464                . = ALIGN (0x4)
                0x0050b464                __zero_table = .
 *(.zero_table)
 .zero_table    0x0050b464       0x1c ./Project_Settings/Startup_Code/startup_cm7.o

.glue_7         0x0050b480        0x0
 .glue_7        0x0050b480        0x0 linker stubs

.glue_7t        0x0050b480        0x0
 .glue_7t       0x0050b480        0x0 linker stubs

.vfp11_veneer   0x0050b480        0x0
 .vfp11_veneer  0x0050b480        0x0 linker stubs

.v4_bx          0x0050b480        0x0
 .v4_bx         0x0050b480        0x0 linker stubs

.iplt           0x0050b480        0x0
 .iplt          0x0050b480        0x0 ./Project_Settings/Startup_Code/Vector_Table.o

.rel.dyn        0x0050b480        0x0
 .rel.iplt      0x0050b480        0x0 ./Project_Settings/Startup_Code/Vector_Table.o
                0x0050b480                . = ALIGN (0x4)
                0x0050b480                __text_end = .
                0x0050b480                __sram_data_rom = __text_end

.sram_data      0x20406000       0xc0 load address 0x0050b480
                0x20406000                . = ALIGN (0x4)
                0x20406000                __sram_data_begin__ = .
                0x20406000                . = ALIGN (0x4)
 *(.ramcode)
 .ramcode       0x20406000       0x90 ./RTD/src/Clock_Ip_Specific.o
                0x20406090                . = ALIGN (0x4)
 *(.data)
 .data          0x20406090        0x0 ./Project_Settings/Startup_Code/Vector_Table.o
 .data          0x20406090        0x0 ./Project_Settings/Startup_Code/exceptions.o
 .data          0x20406090        0x0 ./Project_Settings/Startup_Code/nvic.o
 .data          0x20406090        0x0 ./Project_Settings/Startup_Code/startup.o
 .data          0x20406090        0x0 ./Project_Settings/Startup_Code/startup_cm7.o
 .data          0x20406090        0x0 ./Project_Settings/Startup_Code/system.o
 .data          0x20406090        0x0 ./RTD/src/CanIf.o
 .data          0x20406090        0x0 ./RTD/src/Can_43_FLEXCAN.o
 .data          0x20406090        0x0 ./RTD/src/Can_43_FLEXCAN_Ipw.o
 .data          0x20406090        0x0 ./RTD/src/Can_43_FLEXCAN_Irq.o
 .data          0x20406090        0x4 ./RTD/src/Clock_Ip.o
 .data          0x20406094        0x0 ./RTD/src/Clock_Ip_Data.o
 .data          0x20406094        0x0 ./RTD/src/Clock_Ip_Divider.o
 .data          0x20406094        0x0 ./RTD/src/Clock_Ip_DividerTrigger.o
 .data          0x20406094        0x0 ./RTD/src/Clock_Ip_ExtOsc.o
 .data          0x20406094        0x0 ./RTD/src/Clock_Ip_FracDiv.o
 .data          0x20406094        0x0 ./RTD/src/Clock_Ip_Frequency.o
 .data          0x20406094        0x0 ./RTD/src/Clock_Ip_Gate.o
 .data          0x20406094        0x0 ./RTD/src/Clock_Ip_IntOsc.o
 .data          0x20406094        0x0 ./RTD/src/Clock_Ip_Irq.o
 .data          0x20406094        0x0 ./RTD/src/Clock_Ip_Monitor.o
 .data          0x20406094        0x0 ./RTD/src/Clock_Ip_Pll.o
 .data          0x20406094        0x0 ./RTD/src/Clock_Ip_ProgFreqSwitch.o
 .data          0x20406094        0x0 ./RTD/src/Clock_Ip_Selector.o
 .data          0x20406094        0x0 ./RTD/src/Clock_Ip_Specific.o
 .data          0x20406094        0x0 ./RTD/src/Det.o
 .data          0x20406094        0x0 ./RTD/src/Det_stub.o
 .data          0x20406094        0x0 ./RTD/src/EcuM.o
 .data          0x20406094        0x0 ./RTD/src/Emios_Gpt_Ip.o
 .data          0x20406094        0x0 ./RTD/src/FlexCAN_Ip.o
 .data          0x20406094        0x0 ./RTD/src/FlexCAN_Ip_HwAccess.o
 .data          0x20406094        0x0 ./RTD/src/FlexCAN_Ip_Irq.o
 .data          0x20406094        0x0 ./RTD/src/Gpt.o
 .data          0x20406094        0x0 ./RTD/src/Gpt_Ipw.o
 .data          0x20406094        0x0 ./RTD/src/Igf_Port_Ip.o
 .data          0x20406094        0x0 ./RTD/src/Mcu.o
 .data          0x20406094        0x0 ./RTD/src/Mcu_Dem_Wrapper.o
 .data          0x20406094        0x0 ./RTD/src/Mcu_Ipw.o
 .data          0x20406094        0x0 ./RTD/src/OsIf_Interrupts.o
 .data          0x20406094        0x0 ./RTD/src/OsIf_Timer.o
 .data          0x20406094        0x0 ./RTD/src/OsIf_Timer_System.o
 .data          0x20406094        0x0 ./RTD/src/OsIf_Timer_System_Internal_Systick.o
 .data          0x20406094        0x0 ./RTD/src/Pit_Ip.o
 .data          0x20406094        0x0 ./RTD/src/Power_Ip.o
 .data          0x20406094        0x0 ./RTD/src/Power_Ip_AEC.o
 .data          0x20406094        0x0 ./RTD/src/Power_Ip_CortexM7.o
 .data          0x20406094        0x0 ./RTD/src/Power_Ip_DCM_GPR.o
 .data          0x20406094        0x0 ./RTD/src/Power_Ip_FLASH.o
 .data          0x20406094        0x0 ./RTD/src/Power_Ip_MC_ME.o
 .data          0x20406094        0x0 ./RTD/src/Power_Ip_MC_RGM.o
 .data          0x20406094        0x0 ./RTD/src/Power_Ip_MC_RGM_Irq.o
 .data          0x20406094        0x0 ./RTD/src/Power_Ip_PMC.o
 .data          0x20406094        0x0 ./RTD/src/Power_Ip_PMC_Irq.o
 .data          0x20406094        0x0 ./RTD/src/Power_Ip_Private.o
 .data          0x20406094        0x0 ./RTD/src/Ram_Ip.o
 .data          0x20406094        0x0 ./RTD/src/Rtc_Ip.o
 .data          0x20406094        0x0 ./RTD/src/SchM_Can_43_FLEXCAN.o
 .data          0x20406094        0x0 ./RTD/src/SchM_Gpt.o
 .data          0x20406094        0x0 ./RTD/src/SchM_Mcu.o
 .data          0x20406094        0x0 ./RTD/src/SchM_Port.o
 .data          0x20406094        0x0 ./RTD/src/Siul2_Port_Ip.o
 .data          0x20406094        0x0 ./RTD/src/Stm_Ip.o
 .data          0x20406094        0x0 ./RTD/src/Tspc_Port_Ip.o
 .data          0x20406094        0x0 ./board/Siul2_Port_Ip_Cfg.o
 .data          0x20406094        0x0 ./board/Tspc_Port_Ip_Cfg.o
 .data          0x20406094        0x0 ./generate/src/CanIf_BOARD_InitPeripherals_PBcfg.o
 .data          0x20406094        0x0 ./generate/src/CanIf_Cfg.o
 .data          0x20406094        0x0 ./generate/src/Can_43_FLEXCAN_BOARD_InitPeripherals_PBcfg.o
 .data          0x20406094        0x0 ./generate/src/Can_43_FLEXCAN_Ipw_BOARD_InitPeripherals_PBcfg.o
 .data          0x20406094        0x0 ./generate/src/Clock_Ip_BOARD_InitPeripherals_PBcfg.o
 .data          0x20406094        0x0 ./generate/src/Clock_Ip_Cfg.o
 .data          0x20406094        0x0 ./generate/src/Emios_Gpt_Ip_BOARD_InitPeripherals_PBcfg.o
 .data          0x20406094        0x0 ./generate/src/FlexCAN_Ip_BOARD_InitPeripherals_PBcfg.o
 .data          0x20406094        0x0 ./generate/src/Gpt_BOARD_InitPeripherals_PBcfg.o
 .data          0x20406094        0x0 ./generate/src/Gpt_Cfg.o
 .data          0x20406094       0x28 ./generate/src/Gpt_Ipw_BOARD_InitPeripherals_PBcfg.o
                0x20406094                Gpt_Ipw_ChannelConfig_PB_BOARD_InitPeripherals
                0x204060ac                Gpt_Ipw_HwInstanceConfig_PB_BOARD_InitPeripherals
 .data          0x204060bc        0x0 ./generate/src/Igf_Port_Ip_Cfg.o
 .data          0x204060bc        0x0 ./generate/src/Mcu_BOARD_InitPeripherals_PBcfg.o
 .data          0x204060bc        0x0 ./generate/src/Mcu_Cfg.o
 .data          0x204060bc        0x0 ./generate/src/OsIf_Cfg.o
 .data          0x204060bc        0x0 ./generate/src/Pit_Ip_BOARD_InitPeripherals_PBcfg.o
 .data          0x204060bc        0x0 ./generate/src/Power_Ip_BOARD_InitPeripherals_PBcfg.o
 .data          0x204060bc        0x0 ./generate/src/Power_Ip_Cfg.o
 .data          0x204060bc        0x0 ./generate/src/Ram_Ip_BOARD_InitPeripherals_PBcfg.o
 .data          0x204060bc        0x0 ./generate/src/Ram_Ip_Cfg.o
 .data          0x204060bc        0x0 ./generate/src/Rtc_Ip_BOARD_InitPeripherals_PBcfg.o
 .data          0x204060bc        0x0 ./generate/src/Stm_Ip_BOARD_InitPeripherals_PBcfg.o
 .data          0x204060bc        0x0 ./src/main.o
 .data          0x204060bc        0x0 c:/nxp/s32ds.3.5/s32ds/build_tools/gcc_v10.2/gcc-10.2-arm32-eabi/bin/../lib/gcc/arm-none-eabi/10.2.0/../../../../arm-none-eabi/lib/thumb/v7e-m+fp/hard\libc_nano.a(lib_a-memmove.o)
 .data          0x204060bc        0x0 c:/nxp/s32ds.3.5/s32ds/build_tools/gcc_v10.2/gcc-10.2-arm32-eabi/bin/../lib/gcc/arm-none-eabi/10.2.0/../../../../arm-none-eabi/lib/thumb/v7e-m+fp/hard\libc_nano.a(lib_a-memset.o)
 *(.data*)
                0x204060bc                . = ALIGN (0x4)
 *(.mcal_data)
 .mcal_data     0x204060bc        0x4 ./RTD/src/Power_Ip.o
                0x204060bc                Power_Ip_pfReportErrorsCallback
                0x204060c0                . = ALIGN (0x4)
                0x204060c0                __sram_data_end__ = .
                0x0050b540                __sram_data_rom_end = (__sram_data_rom + (__sram_data_end__ - __sram_data_begin__))

.sram_bss       0x204060c0      0x824 load address 0x0050b540
                0x204060c0                . = ALIGN (0x10)
                0x204060c0                __sram_bss_start = .
 *(.bss)
 .bss           0x204060c0        0x0 ./Project_Settings/Startup_Code/Vector_Table.o
 .bss           0x204060c0        0x0 ./Project_Settings/Startup_Code/exceptions.o
 .bss           0x204060c0        0x0 ./Project_Settings/Startup_Code/nvic.o
 .bss           0x204060c0        0x0 ./Project_Settings/Startup_Code/startup.o
 .bss           0x204060c0        0x0 ./Project_Settings/Startup_Code/startup_cm7.o
 .bss           0x204060c0       0x78 ./Project_Settings/Startup_Code/system.o
                0x204060c0                rbar
                0x204060fc                rasr
 .bss           0x20406138        0x0 ./RTD/src/CanIf.o
 .bss           0x20406138        0x0 ./RTD/src/Can_43_FLEXCAN.o
 .bss           0x20406138        0x0 ./RTD/src/Can_43_FLEXCAN_Ipw.o
 .bss           0x20406138        0x0 ./RTD/src/Can_43_FLEXCAN_Irq.o
 .bss           0x20406138        0x0 ./RTD/src/Clock_Ip.o
 .bss           0x20406138        0x0 ./RTD/src/Clock_Ip_Data.o
 .bss           0x20406138        0x0 ./RTD/src/Clock_Ip_Divider.o
 .bss           0x20406138        0x0 ./RTD/src/Clock_Ip_DividerTrigger.o
 .bss           0x20406138        0x0 ./RTD/src/Clock_Ip_ExtOsc.o
 .bss           0x20406138        0x0 ./RTD/src/Clock_Ip_FracDiv.o
 .bss           0x20406138        0x0 ./RTD/src/Clock_Ip_Frequency.o
 .bss           0x20406138        0x0 ./RTD/src/Clock_Ip_Gate.o
 .bss           0x20406138        0x0 ./RTD/src/Clock_Ip_IntOsc.o
 .bss           0x20406138        0x0 ./RTD/src/Clock_Ip_Irq.o
 .bss           0x20406138        0x0 ./RTD/src/Clock_Ip_Monitor.o
 .bss           0x20406138        0x0 ./RTD/src/Clock_Ip_Pll.o
 .bss           0x20406138        0x0 ./RTD/src/Clock_Ip_ProgFreqSwitch.o
 .bss           0x20406138        0x0 ./RTD/src/Clock_Ip_Selector.o
 .bss           0x20406138        0x0 ./RTD/src/Clock_Ip_Specific.o
 .bss           0x20406138        0x0 ./RTD/src/Det.o
 .bss           0x20406138        0x0 ./RTD/src/Det_stub.o
 .bss           0x20406138        0x0 ./RTD/src/EcuM.o
 .bss           0x20406138        0x0 ./RTD/src/Emios_Gpt_Ip.o
 .bss           0x20406138        0x0 ./RTD/src/FlexCAN_Ip.o
 .bss           0x20406138        0x0 ./RTD/src/FlexCAN_Ip_HwAccess.o
 .bss           0x20406138        0x0 ./RTD/src/FlexCAN_Ip_Irq.o
 .bss           0x20406138        0x8 ./RTD/src/Gpt.o
 .bss           0x20406140        0x0 ./RTD/src/Gpt_Ipw.o
 .bss           0x20406140        0x0 ./RTD/src/Igf_Port_Ip.o
 .bss           0x20406140        0x0 ./RTD/src/Mcu.o
 .bss           0x20406140        0x0 ./RTD/src/Mcu_Dem_Wrapper.o
 .bss           0x20406140        0x0 ./RTD/src/Mcu_Ipw.o
 .bss           0x20406140        0x0 ./RTD/src/OsIf_Interrupts.o
 .bss           0x20406140        0x0 ./RTD/src/OsIf_Timer.o
 .bss           0x20406140        0x0 ./RTD/src/OsIf_Timer_System.o
 .bss           0x20406140        0x0 ./RTD/src/OsIf_Timer_System_Internal_Systick.o
 .bss           0x20406140        0x0 ./RTD/src/Pit_Ip.o
 .bss           0x20406140        0x0 ./RTD/src/Power_Ip.o
 .bss           0x20406140        0x0 ./RTD/src/Power_Ip_AEC.o
 .bss           0x20406140        0x0 ./RTD/src/Power_Ip_CortexM7.o
 .bss           0x20406140        0x0 ./RTD/src/Power_Ip_DCM_GPR.o
 .bss           0x20406140        0x0 ./RTD/src/Power_Ip_FLASH.o
 .bss           0x20406140        0x0 ./RTD/src/Power_Ip_MC_ME.o
 .bss           0x20406140        0x0 ./RTD/src/Power_Ip_MC_RGM.o
 .bss           0x20406140        0x0 ./RTD/src/Power_Ip_MC_RGM_Irq.o
 .bss           0x20406140        0x0 ./RTD/src/Power_Ip_PMC.o
 .bss           0x20406140        0x0 ./RTD/src/Power_Ip_PMC_Irq.o
 .bss           0x20406140        0x0 ./RTD/src/Power_Ip_Private.o
 .bss           0x20406140        0x0 ./RTD/src/Ram_Ip.o
 .bss           0x20406140        0x0 ./RTD/src/Rtc_Ip.o
 .bss           0x20406140        0x0 ./RTD/src/SchM_Can_43_FLEXCAN.o
 .bss           0x20406140        0x0 ./RTD/src/SchM_Gpt.o
 .bss           0x20406140        0x0 ./RTD/src/SchM_Mcu.o
 .bss           0x20406140        0x0 ./RTD/src/SchM_Port.o
 .bss           0x20406140        0x0 ./RTD/src/Siul2_Port_Ip.o
 .bss           0x20406140        0x0 ./RTD/src/Stm_Ip.o
 .bss           0x20406140        0x0 ./RTD/src/Tspc_Port_Ip.o
 .bss           0x20406140        0x0 ./board/Siul2_Port_Ip_Cfg.o
 .bss           0x20406140        0x0 ./board/Tspc_Port_Ip_Cfg.o
 .bss           0x20406140        0x0 ./generate/src/CanIf_BOARD_InitPeripherals_PBcfg.o
 .bss           0x20406140        0x0 ./generate/src/CanIf_Cfg.o
 .bss           0x20406140        0x0 ./generate/src/Can_43_FLEXCAN_BOARD_InitPeripherals_PBcfg.o
 .bss           0x20406140        0x0 ./generate/src/Can_43_FLEXCAN_Ipw_BOARD_InitPeripherals_PBcfg.o
 .bss           0x20406140        0x0 ./generate/src/Clock_Ip_BOARD_InitPeripherals_PBcfg.o
 .bss           0x20406140        0x0 ./generate/src/Clock_Ip_Cfg.o
 .bss           0x20406140        0x0 ./generate/src/Emios_Gpt_Ip_BOARD_InitPeripherals_PBcfg.o
 .bss           0x20406140        0x0 ./generate/src/FlexCAN_Ip_BOARD_InitPeripherals_PBcfg.o
 .bss           0x20406140        0x0 ./generate/src/Gpt_BOARD_InitPeripherals_PBcfg.o
 .bss           0x20406140        0x0 ./generate/src/Gpt_Cfg.o
 .bss           0x20406140        0x0 ./generate/src/Gpt_Ipw_BOARD_InitPeripherals_PBcfg.o
 .bss           0x20406140        0x0 ./generate/src/Igf_Port_Ip_Cfg.o
 .bss           0x20406140        0x0 ./generate/src/Mcu_BOARD_InitPeripherals_PBcfg.o
 .bss           0x20406140        0x0 ./generate/src/Mcu_Cfg.o
 .bss           0x20406140        0x0 ./generate/src/OsIf_Cfg.o
 .bss           0x20406140        0x0 ./generate/src/Pit_Ip_BOARD_InitPeripherals_PBcfg.o
 .bss           0x20406140        0x0 ./generate/src/Power_Ip_BOARD_InitPeripherals_PBcfg.o
 .bss           0x20406140        0x0 ./generate/src/Power_Ip_Cfg.o
 .bss           0x20406140        0x0 ./generate/src/Ram_Ip_BOARD_InitPeripherals_PBcfg.o
 .bss           0x20406140        0x0 ./generate/src/Ram_Ip_Cfg.o
 .bss           0x20406140        0x0 ./generate/src/Rtc_Ip_BOARD_InitPeripherals_PBcfg.o
 .bss           0x20406140        0x0 ./generate/src/Stm_Ip_BOARD_InitPeripherals_PBcfg.o
 .bss           0x20406140        0x4 ./src/main.o
                0x20406140                exit_code
 .bss           0x20406144        0x0 c:/nxp/s32ds.3.5/s32ds/build_tools/gcc_v10.2/gcc-10.2-arm32-eabi/bin/../lib/gcc/arm-none-eabi/10.2.0/../../../../arm-none-eabi/lib/thumb/v7e-m+fp/hard\libc_nano.a(lib_a-memmove.o)
 .bss           0x20406144        0x0 c:/nxp/s32ds.3.5/s32ds/build_tools/gcc_v10.2/gcc-10.2-arm32-eabi/bin/../lib/gcc/arm-none-eabi/10.2.0/../../../../arm-none-eabi/lib/thumb/v7e-m+fp/hard\libc_nano.a(lib_a-memset.o)
 *(.bss*)
                0x20406150                . = ALIGN (0x10)
 *fill*         0x20406144        0xc 
 *(.mcal_bss)
 .mcal_bss      0x20406150        0x4 ./Project_Settings/Startup_Code/system.o
                0x20406150                RESET_CATCH_CORE
 .mcal_bss      0x20406154        0x4 ./RTD/src/CanIf.o
 .mcal_bss      0x20406158        0xc ./RTD/src/Can_43_FLEXCAN.o
 .mcal_bss      0x20406164      0x534 ./RTD/src/Can_43_FLEXCAN_Ipw.o
 .mcal_bss      0x20406698       0x85 ./RTD/src/Clock_Ip.o
                0x2040669c                Clock_Ip_FreqIds
                0x20406718                Clock_Ip_pxConfig
 *fill*         0x2040671d        0x3 
 .mcal_bss      0x20406720       0x10 ./RTD/src/Clock_Ip_Monitor.o
 .mcal_bss      0x20406730        0x4 ./RTD/src/Clock_Ip_ProgFreqSwitch.o
 .mcal_bss      0x20406734        0xc ./RTD/src/Clock_Ip_Specific.o
 .mcal_bss      0x20406740        0x4 ./RTD/src/EcuM.o
                0x20406740                EcuMLastWakeupEvent
 .mcal_bss      0x20406744       0x10 ./RTD/src/FlexCAN_Ip.o
 .mcal_bss      0x20406754       0xa0 ./RTD/src/FlexCAN_Ip_HwAccess.o
 .mcal_bss      0x204067f4       0x10 ./RTD/src/Gpt.o
 .mcal_bss      0x20406804        0x9 ./RTD/src/Mcu.o
 *fill*         0x2040680d        0x3 
 .mcal_bss      0x20406810       0xc0 ./RTD/src/Pit_Ip.o
 .mcal_bss      0x204068d0        0xc ./RTD/src/Power_Ip_MC_RGM.o
 .mcal_bss      0x204068dc        0x8 ./RTD/src/Siul2_Port_Ip.o
                0x204068e4                . = ALIGN (0x4)
                0x204068e4                __sram_bss_end = .

.heap           0x204068e4     0x1000 load address 0x0050bd64
                0x00000000                . = (. + ALIGN (0x4))
                0x204068e4                _end = .
                0x204068e4                end = .
                0x204068e4                _heap_start = .
                0x00001000                . = (. + HEAP_SIZE)
 *fill*         0x204068e4     0x1000 
                0x204078e4                _heap_end = .

.acfls_code_ram
                0x20407f00        0x0
                0x20407f00                acfls_code_ram_start = .
 *(.acfls_code_ram)
                0x20407f00                acfls_code_ram_stop = .
                0x0050b540                __non_cacheable_data_rom = __sram_data_rom_end

.non_cacheable_data
                0x20408000      0x104 load address 0x0050b540
                0x20408000                . = ALIGN (0x4)
                0x20408000                __non_cacheable_data_start__ = .
 *(.int_results)
                0x20408100                . = (. + 0x100)
 *fill*         0x20408000      0x100 
                0x20408100                . = ALIGN (0x4)
 *(.mcal_data_no_cacheable)
                0x20408100                . = ALIGN (0x4)
 *(.mcal_const_no_cacheable)
                0x20408100                . = ALIGN (0x4)
                0x20408100                HSE_LOOP_ADDR = .
                0x20408100        0x4 LONG 0x0
                0x20408104                __non_cacheable_data_end__ = .
                0x0050b644                __non_cacheable_data_rom_end = (__non_cacheable_data_rom + (__non_cacheable_data_end__ - __non_cacheable_data_start__))

.igot.plt       0x20408104        0x0 load address 0x0050b644
 .igot.plt      0x20408104        0x0 ./Project_Settings/Startup_Code/Vector_Table.o

.non_cacheable_bss
                0x20408104      0xda8 load address 0x0050b644
                0x20408110                . = ALIGN (0x10)
 *fill*         0x20408104        0xc 
                0x20408110                __non_cacheable_bss_start = .
 *(.mcal_bss_no_cacheable)
 .mcal_bss_no_cacheable
                0x20408110       0x3c ./RTD/src/Det.o
                0x20408110                Det_TransientModuleId
                0x20408118                Det_ApiId
                0x2040811c                Det_TransientInstanceId
                0x20408120                Det_ErrorId
                0x20408124                Det_TransientApiId
                0x20408128                Det_RuntimeModuleId
                0x20408130                Det_TransientFaultId
                0x20408134                Det_RuntimeInstanceId
                0x20408138                Det_RuntimeApiId
                0x2040813c                Det_ModuleId
                0x20408144                Det_RuntimeErrorId
                0x20408148                Det_InstanceId
 .mcal_bss_no_cacheable
                0x2040814c      0x2a0 ./RTD/src/SchM_Can_43_FLEXCAN.o
 .mcal_bss_no_cacheable
                0x204083ec      0x6e0 ./RTD/src/SchM_Gpt.o
 .mcal_bss_no_cacheable
                0x20408acc       0x60 ./RTD/src/SchM_Mcu.o
 .mcal_bss_no_cacheable
                0x20408b2c      0x380 ./RTD/src/SchM_Port.o
                0x20408eac                . = ALIGN (0x4)
                0x20408eac                __non_cacheable_bss_end = .
                0x0050b644                __shareable_data_rom = __non_cacheable_data_rom_end

.shareable_data
                0x2040c000        0x0 load address 0x0050b644
                0x2040c000                . = ALIGN (0x4)
                0x2040c000                __shareable_data_start__ = .
 *(.mcal_shared_data)
                0x2040c000                . = ALIGN (0x4)
                0x2040c000                __shareable_data_end__ = .
                0x0050b644                __shareable_data_rom_end = (__shareable_data_rom + (__shareable_data_end__ - __shareable_data_start__))

.int_vector     0x20000000      0x408
                0x20000000                . = ALIGN (0x800)
                0x20000000                __interrupts_ram_start = .
                0x20000408                . = (. + (__interrupts_init_end - __interrupts_init_start))
 *fill*         0x20000000      0x408 
                0x20000408                . = ALIGN (0x4)
                0x20000408                __interrupts_ram_end = .
                0x0050b644                __tcm_data_rom = __shareable_data_rom_end

.data_tcm_data  0x20000408        0x0 load address 0x0050b644
                0x20000408                . = ALIGN (0x4)
                0x20000408                __dtcm_data_start__ = .
 *(.dtcm_data*)
                0x20000408                . = ALIGN (0x4)
                0x20000408                __dtcm_data_end__ = .
                0x0050b644                __tcm_data_rom_end = (__tcm_data_rom + (__dtcm_data_end__ - __dtcm_data_start__))

.bss_tcm_data   0x20000408        0x0
                0x20000408                . = ALIGN (0x4)
                0x20000408                __dtcm_bss_start__ = .
 *(.dtcm_bss*)
                0x20000408                . = ALIGN (0x4)
                0x20000408                __dtcm_bss_end__ = .
                0x0050b644                __tcm_code_rom_start = __tcm_data_rom_end

.itcm_text      0x00000000        0x0 load address 0x0050b644
                0x00000000                . = ALIGN (0x4)
                0x00000000                __itcm_start__ = .
 *(.itcm_text*)
                0x00000000                . = ALIGN (0x4)
                0x00000000                __itcm_end__ = .
                0x0050b644                __tcm_code_rom_end = (__tcm_code_rom_start + (__itcm_end__ - __itcm_start__))

.shareable_bss  0x2040c000        0x0
                0x2040c000                . = ALIGN (0x10)
                0x2040c000                __shareable_bss_start = .
 *(.mcal_shared_bss)
                0x2040c000                . = ALIGN (0x4)
                0x2040c000                __shareable_bss_end = .
                0x2000f000                __Stack_dtcm_end = ORIGIN (int_stack_dtcm)
                0x20010000                __Stack_dtcm_start = (ORIGIN (int_stack_dtcm) + LENGTH (int_stack_dtcm))
                0x20406000                __INT_SRAM_START = ORIGIN (int_sram_c1)
                0x2040c000                __INT_SRAM_END = ORIGIN (ram_end_c1)
                0x00000000                __INT_ITCM_START = ORIGIN (int_itcm)
                0x00008000                __INT_ITCM_END = (ORIGIN (int_itcm) + LENGTH (int_itcm))
                0x20000000                __INT_DTCM_START = ORIGIN (int_dtcm)
                0x20010000                __INT_DTCM_END = ((ORIGIN (int_dtcm) + LENGTH (int_dtcm)) + LENGTH (int_stack_dtcm))
                0x2040c000                __RAM_SHAREABLE_START = ORIGIN (int_sram_shareable)
                0x20406000                __RAM_SHAREABLE_END = ORIGIN (ram_end_c0)
                0x0000000e                __RAM_SHAREABLE_SIZE = 0xe
                0x00000000                __ROM_SHAREABLE_START = 0x0
                0x00000000                __ROM_SHAREABLE_END = 0x0
                0x20408000                __RAM_NO_CACHEABLE_START = ORIGIN (int_sram_no_cacheable_c1)
                0x2040c000                __RAM_NO_CACHEABLE_END = ORIGIN (ram_end_c1)
                0x0000000e                __RAM_NO_CACHEABLE_SIZE = 0xe
                0x0050b540                __ROM_NO_CACHEABLE_START = __non_cacheable_data_rom
                0x0050b644                __ROM_NO_CACHEABLE_END = __non_cacheable_data_rom_end
                0x20406000                __RAM_CACHEABLE_START = ORIGIN (int_sram_c1)
                0x20408000                __RAM_CACHEABLE_END = ORIGIN (int_sram_no_cacheable_c1)
                0x0000000d                __RAM_CACHEABLE_SIZE = 0xd
                0x0050b480                __ROM_CACHEABLE_START = __sram_data_rom
                0x0050b540                __ROM_CACHEABLE_END = __sram_data_rom_end
                0x00500000                __ROM_CODE_START = ORIGIN (int_flash_c1)
                0x10000000                __ROM_DATA_START = 0x10000000
                0x204060c0                __BSS_SRAM_START = __sram_bss_start
                0x204068e4                __BSS_SRAM_END = __sram_bss_end
                0x00000824                __BSS_SRAM_SIZE = (__sram_bss_end - __sram_bss_start)
                0x20408110                __BSS_SRAM_NC_START = __non_cacheable_bss_start
                0x00000d9c                __BSS_SRAM_NC_SIZE = (__non_cacheable_bss_end - __non_cacheable_bss_start)
                0x20408eac                __BSS_SRAM_NC_END = __non_cacheable_bss_end
                0x00000000                __BSS_SRAM_SH_START = 0x0
                0x00000000                __BSS_SRAM_SH_SIZE = 0x0
                0x00000000                __BSS_SRAM_SH_END = 0x0
                0x20000000                __RAM_INTERRUPT_START = __interrupts_ram_start
                0x00500000                __INIT_INTERRUPT_START = __interrupts_init_start
                0x00500408                __INIT_INTERRUPT_END = __interrupts_init_end
                0x00000000                __RAM_ITCM_START = __itcm_start__
                0x0050b644                __ROM_ITCM_START = __tcm_code_rom_start
                0x0050b644                __ROM_ITCM_END = __tcm_code_rom_end
                0x20000408                __RAM_DTCM_DATA_START = __dtcm_data_start__
                0x0050b644                __ROM_DTCM_DATA_START = __tcm_data_rom
                0x0050b644                __ROM_DTCM_END = __tcm_data_rom_end
                0x0050b418                __INIT_TABLE = __init_table
                0x0050b464                __ZERO_TABLE = __zero_table
                0x00000001                __RAM_INIT = 0x1
                0x00000001                __ITCM_INIT = 0x1
                0x00000001                __DTCM_INIT = 0x1
                0x0050997c                Fls_ACEraseRomStart = __acfls_code_rom_start
                0x005099c8                Fls_ACEraseRomEnd = __acfls_code_rom_end
                0x00000013                Fls_ACEraseSize = ((__acfls_code_rom_end - __acfls_code_rom_start) / 0x4)
                0x0050997c                Fls_ACWriteRomStart = __acfls_code_rom_start
                0x005099c8                Fls_ACWriteRomEnd = __acfls_code_rom_end
                0x00000013                Fls_ACWriteSize = ((__acfls_code_rom_end - __acfls_code_rom_start) / 0x4)
                0x20407f00                _ERASE_FUNC_ADDRESS_ = ADDR (.acfls_code_ram)
                0x20407f00                _WRITE_FUNC_ADDRESS_ = ADDR (.acfls_code_ram)

/DISCARD/
 *(.boot_header)
                0x00500000                __ENTRY_VTABLE = __INIT_INTERRUPT_START
                0x00400800                __CORE0_VTOR = (ORIGIN (int_flash_c0) + 0x800)
                0x00500000                __CORE1_VTOR = __INIT_INTERRUPT_START
                0x00500000                __CORE2_VTOR = __INIT_INTERRUPT_START
                0x00000000                __INDEX_COPY_CORE2 = 0x0
OUTPUT(can_trial_M7_1.elf elf32-littlearm)
LOAD linker stubs

.ARM.attributes
                0x00000000       0x30
 .ARM.attributes
                0x00000000       0x20 ./Project_Settings/Startup_Code/Vector_Table.o
 .ARM.attributes
                0x00000020       0x34 ./Project_Settings/Startup_Code/exceptions.o
 .ARM.attributes
                0x00000054       0x34 ./Project_Settings/Startup_Code/nvic.o
 .ARM.attributes
                0x00000088       0x34 ./Project_Settings/Startup_Code/startup.o
 .ARM.attributes
                0x000000bc       0x1f ./Project_Settings/Startup_Code/startup_cm7.o
 .ARM.attributes
                0x000000db       0x34 ./Project_Settings/Startup_Code/system.o
 .ARM.attributes
                0x0000010f       0x34 ./RTD/src/CanIf.o
 .ARM.attributes
                0x00000143       0x34 ./RTD/src/Can_43_FLEXCAN.o
 .ARM.attributes
                0x00000177       0x34 ./RTD/src/Can_43_FLEXCAN_Ipw.o
 .ARM.attributes
                0x000001ab       0x34 ./RTD/src/Can_43_FLEXCAN_Irq.o
 .ARM.attributes
                0x000001df       0x34 ./RTD/src/Clock_Ip.o
 .ARM.attributes
                0x00000213       0x39 ./RTD/src/Clock_Ip_Data.o
 .ARM.attributes
                0x0000024c       0x34 ./RTD/src/Clock_Ip_Divider.o
 .ARM.attributes
                0x00000280       0x34 ./RTD/src/Clock_Ip_DividerTrigger.o
 .ARM.attributes
                0x000002b4       0x34 ./RTD/src/Clock_Ip_ExtOsc.o
 .ARM.attributes
                0x000002e8       0x34 ./RTD/src/Clock_Ip_FracDiv.o
 .ARM.attributes
                0x0000031c       0x34 ./RTD/src/Clock_Ip_Frequency.o
 .ARM.attributes
                0x00000350       0x34 ./RTD/src/Clock_Ip_Gate.o
 .ARM.attributes
                0x00000384       0x34 ./RTD/src/Clock_Ip_IntOsc.o
 .ARM.attributes
                0x000003b8       0x34 ./RTD/src/Clock_Ip_Irq.o
 .ARM.attributes
                0x000003ec       0x34 ./RTD/src/Clock_Ip_Monitor.o
 .ARM.attributes
                0x00000420       0x34 ./RTD/src/Clock_Ip_Pll.o
 .ARM.attributes
                0x00000454       0x34 ./RTD/src/Clock_Ip_ProgFreqSwitch.o
 .ARM.attributes
                0x00000488       0x34 ./RTD/src/Clock_Ip_Selector.o
 .ARM.attributes
                0x000004bc       0x34 ./RTD/src/Clock_Ip_Specific.o
 .ARM.attributes
                0x000004f0       0x34 ./RTD/src/Det.o
 .ARM.attributes
                0x00000524       0x34 ./RTD/src/Det_stub.o
 .ARM.attributes
                0x00000558       0x34 ./RTD/src/EcuM.o
 .ARM.attributes
                0x0000058c       0x39 ./RTD/src/Emios_Gpt_Ip.o
 .ARM.attributes
                0x000005c5       0x34 ./RTD/src/FlexCAN_Ip.o
 .ARM.attributes
                0x000005f9       0x34 ./RTD/src/FlexCAN_Ip_HwAccess.o
 .ARM.attributes
                0x0000062d       0x34 ./RTD/src/FlexCAN_Ip_Irq.o
 .ARM.attributes
                0x00000661       0x34 ./RTD/src/Gpt.o
 .ARM.attributes
                0x00000695       0x34 ./RTD/src/Gpt_Ipw.o
 .ARM.attributes
                0x000006c9       0x39 ./RTD/src/Igf_Port_Ip.o
 .ARM.attributes
                0x00000702       0x34 ./RTD/src/Mcu.o
 .ARM.attributes
                0x00000736       0x39 ./RTD/src/Mcu_Dem_Wrapper.o
 .ARM.attributes
                0x0000076f       0x34 ./RTD/src/Mcu_Ipw.o
 .ARM.attributes
                0x000007a3       0x39 ./RTD/src/OsIf_Interrupts.o
 .ARM.attributes
                0x000007dc       0x34 ./RTD/src/OsIf_Timer.o
 .ARM.attributes
                0x00000810       0x39 ./RTD/src/OsIf_Timer_System.o
 .ARM.attributes
                0x00000849       0x34 ./RTD/src/OsIf_Timer_System_Internal_Systick.o
 .ARM.attributes
                0x0000087d       0x34 ./RTD/src/Pit_Ip.o
 .ARM.attributes
                0x000008b1       0x34 ./RTD/src/Power_Ip.o
 .ARM.attributes
                0x000008e5       0x39 ./RTD/src/Power_Ip_AEC.o
 .ARM.attributes